

================================================================
== Vivado HLS Report for 'met_hw'
================================================================
* Date:           Thu Oct 10 10:11:23 2019

* Version:        2019.1 (Build 2552052 on Fri May 24 15:28:33 MDT 2019)
* Project:        proj0
* Solution:       solution1
* Product family: virtex7
* Target device:  xc7vx690t-ffg1927-2


================================================================
== Performance Estimates
================================================================
+ Timing (ns): 
    * Summary: 
    +--------+-------+----------+------------+
    |  Clock | Target| Estimated| Uncertainty|
    +--------+-------+----------+------------+
    |ap_clk  |   5.00|     4.890|        0.62|
    +--------+-------+----------+------------+

+ Latency (clock cycles): 
    * Summary: 
    +-----+-----+-----+-----+----------+
    |  Latency  |  Interval | Pipeline |
    | min | max | min | max |   Type   |
    +-----+-----+-----+-----+----------+
    |   15|   15|    1|    1| function |
    +-----+-----+-----+-----+----------+

    + Detail: 
        * Instance: 
        +------------------+-------+-----+-----+-----+-----+----------+
        |                  |       |  Latency  |  Interval | Pipeline |
        |     Instance     | Module| min | max | min | max |   Type   |
        +------------------+-------+-----+-----+-----+-----+----------+
        |grp_ProjX_fu_422  |ProjX  |    3|    3|    1|    1| function |
        |grp_ProjX_fu_432  |ProjX  |    3|    3|    1|    1| function |
        |grp_ProjX_fu_442  |ProjX  |    3|    3|    1|    1| function |
        |grp_ProjX_fu_452  |ProjX  |    3|    3|    1|    1| function |
        |grp_ProjX_fu_462  |ProjX  |    3|    3|    1|    1| function |
        |grp_ProjX_fu_470  |ProjX  |    3|    3|    1|    1| function |
        |grp_ProjX_fu_478  |ProjX  |    3|    3|    1|    1| function |
        |grp_ProjX_fu_486  |ProjX  |    3|    3|    1|    1| function |
        |grp_ProjX_fu_494  |ProjX  |    3|    3|    1|    1| function |
        |grp_ProjX_fu_502  |ProjX  |    3|    3|    1|    1| function |
        |grp_ProjX_fu_510  |ProjX  |    3|    3|    1|    1| function |
        |grp_ProjX_fu_518  |ProjX  |    3|    3|    1|    1| function |
        |grp_ProjX_fu_526  |ProjX  |    3|    3|    1|    1| function |
        |grp_ProjX_fu_534  |ProjX  |    3|    3|    1|    1| function |
        |grp_ProjX_fu_542  |ProjX  |    3|    3|    1|    1| function |
        |grp_ProjX_fu_550  |ProjX  |    3|    3|    1|    1| function |
        |grp_ProjX_fu_558  |ProjX  |    3|    3|    1|    1| function |
        |grp_ProjX_fu_566  |ProjX  |    3|    3|    1|    1| function |
        |grp_ProjX_fu_574  |ProjX  |    3|    3|    1|    1| function |
        |grp_ProjX_fu_582  |ProjX  |    3|    3|    1|    1| function |
        |grp_ProjY_fu_590  |ProjY  |    3|    3|    1|    1| function |
        |grp_ProjY_fu_600  |ProjY  |    3|    3|    1|    1| function |
        |grp_ProjY_fu_610  |ProjY  |    3|    3|    1|    1| function |
        |grp_ProjY_fu_620  |ProjY  |    3|    3|    1|    1| function |
        |grp_ProjY_fu_630  |ProjY  |    3|    3|    1|    1| function |
        |grp_ProjY_fu_638  |ProjY  |    3|    3|    1|    1| function |
        |grp_ProjY_fu_646  |ProjY  |    3|    3|    1|    1| function |
        |grp_ProjY_fu_654  |ProjY  |    3|    3|    1|    1| function |
        |grp_ProjY_fu_662  |ProjY  |    3|    3|    1|    1| function |
        |grp_ProjY_fu_670  |ProjY  |    3|    3|    1|    1| function |
        |grp_ProjY_fu_678  |ProjY  |    3|    3|    1|    1| function |
        |grp_ProjY_fu_686  |ProjY  |    3|    3|    1|    1| function |
        |grp_ProjY_fu_694  |ProjY  |    3|    3|    1|    1| function |
        |grp_ProjY_fu_702  |ProjY  |    3|    3|    1|    1| function |
        |grp_ProjY_fu_710  |ProjY  |    3|    3|    1|    1| function |
        |grp_ProjY_fu_718  |ProjY  |    3|    3|    1|    1| function |
        |grp_ProjY_fu_726  |ProjY  |    3|    3|    1|    1| function |
        |grp_ProjY_fu_734  |ProjY  |    3|    3|    1|    1| function |
        |grp_ProjY_fu_742  |ProjY  |    3|    3|    1|    1| function |
        |grp_ProjY_fu_750  |ProjY  |    3|    3|    1|    1| function |
        +------------------+-------+-----+-----+-----+-----+----------+

        * Loop: 
        N/A



================================================================
== Utilization Estimates
================================================================
* Summary: 
+-----------------+---------+-------+--------+--------+-----+
|       Name      | BRAM_18K| DSP48E|   FF   |   LUT  | URAM|
+-----------------+---------+-------+--------+--------+-----+
|DSP              |        -|      2|       -|       -|    -|
|Expression       |        -|      0|       0|     773|    -|
|FIFO             |        -|      -|       -|       -|    -|
|Instance         |        0|     40|    6460|    5860|    -|
|Memory           |        1|      -|       5|       3|    -|
|Multiplexer      |        -|      -|       -|       -|    -|
|Register         |        0|      -|    2283|     704|    -|
+-----------------+---------+-------+--------+--------+-----+
|Total            |        1|     42|    8748|    7340|    0|
+-----------------+---------+-------+--------+--------+-----+
|Available        |     2940|   3600|  866400|  433200|    0|
+-----------------+---------+-------+--------+--------+-----+
|Utilization (%)  |    ~0   |      1|       1|       1|    0|
+-----------------+---------+-------+--------+--------+-----+

+ Detail: 
    * Instance: 
    +------------------+-------+---------+-------+-----+-----+-----+
    |     Instance     | Module| BRAM_18K| DSP48E|  FF | LUT | URAM|
    +------------------+-------+---------+-------+-----+-----+-----+
    |grp_ProjX_fu_422  |ProjX  |        0|      1|  194|  169|    0|
    |grp_ProjX_fu_432  |ProjX  |        0|      1|  194|  169|    0|
    |grp_ProjX_fu_442  |ProjX  |        0|      1|  194|  169|    0|
    |grp_ProjX_fu_452  |ProjX  |        0|      1|  194|  169|    0|
    |grp_ProjX_fu_462  |ProjX  |        0|      1|  194|  169|    0|
    |grp_ProjX_fu_470  |ProjX  |        0|      1|  194|  169|    0|
    |grp_ProjX_fu_478  |ProjX  |        0|      1|  194|  169|    0|
    |grp_ProjX_fu_486  |ProjX  |        0|      1|  194|  169|    0|
    |grp_ProjX_fu_494  |ProjX  |        0|      1|  194|  169|    0|
    |grp_ProjX_fu_502  |ProjX  |        0|      1|  194|  169|    0|
    |grp_ProjX_fu_510  |ProjX  |        0|      1|  194|  169|    0|
    |grp_ProjX_fu_518  |ProjX  |        0|      1|  194|  169|    0|
    |grp_ProjX_fu_526  |ProjX  |        0|      1|  194|  169|    0|
    |grp_ProjX_fu_534  |ProjX  |        0|      1|  194|  169|    0|
    |grp_ProjX_fu_542  |ProjX  |        0|      1|  194|  169|    0|
    |grp_ProjX_fu_550  |ProjX  |        0|      1|  194|  169|    0|
    |grp_ProjX_fu_558  |ProjX  |        0|      1|  194|  169|    0|
    |grp_ProjX_fu_566  |ProjX  |        0|      1|  194|  169|    0|
    |grp_ProjX_fu_574  |ProjX  |        0|      1|  194|  169|    0|
    |grp_ProjX_fu_582  |ProjX  |        0|      1|  194|  169|    0|
    |grp_ProjY_fu_590  |ProjY  |        0|      1|  129|  124|    0|
    |grp_ProjY_fu_600  |ProjY  |        0|      1|  129|  124|    0|
    |grp_ProjY_fu_610  |ProjY  |        0|      1|  129|  124|    0|
    |grp_ProjY_fu_620  |ProjY  |        0|      1|  129|  124|    0|
    |grp_ProjY_fu_630  |ProjY  |        0|      1|  129|  124|    0|
    |grp_ProjY_fu_638  |ProjY  |        0|      1|  129|  124|    0|
    |grp_ProjY_fu_646  |ProjY  |        0|      1|  129|  124|    0|
    |grp_ProjY_fu_654  |ProjY  |        0|      1|  129|  124|    0|
    |grp_ProjY_fu_662  |ProjY  |        0|      1|  129|  124|    0|
    |grp_ProjY_fu_670  |ProjY  |        0|      1|  129|  124|    0|
    |grp_ProjY_fu_678  |ProjY  |        0|      1|  129|  124|    0|
    |grp_ProjY_fu_686  |ProjY  |        0|      1|  129|  124|    0|
    |grp_ProjY_fu_694  |ProjY  |        0|      1|  129|  124|    0|
    |grp_ProjY_fu_702  |ProjY  |        0|      1|  129|  124|    0|
    |grp_ProjY_fu_710  |ProjY  |        0|      1|  129|  124|    0|
    |grp_ProjY_fu_718  |ProjY  |        0|      1|  129|  124|    0|
    |grp_ProjY_fu_726  |ProjY  |        0|      1|  129|  124|    0|
    |grp_ProjY_fu_734  |ProjY  |        0|      1|  129|  124|    0|
    |grp_ProjY_fu_742  |ProjY  |        0|      1|  129|  124|    0|
    |grp_ProjY_fu_750  |ProjY  |        0|      1|  129|  124|    0|
    +------------------+-------+---------+-------+-----+-----+-----+
    |Total             |       |        0|     40| 6460| 5860|    0|
    +------------------+-------+---------+-------+-----+-----+-----+

    * DSP48E: 
    +------------------------------------------+--------------------------------------+--------------+
    |                 Instance                 |                Module                |  Expression  |
    +------------------------------------------+--------------------------------------+--------------+
    |met_hw_mac_muladd_11s_11s_20s_20_1_1_U11  |met_hw_mac_muladd_11s_11s_20s_20_1_1  | i0 + i1 * i1 |
    |met_hw_mul_mul_11s_11s_20_1_1_U10         |met_hw_mul_mul_11s_11s_20_1_1         |    i0 * i0   |
    +------------------------------------------+--------------------------------------+--------------+

    * Memory: 
    +---------------+--------------------+---------+---+----+-----+------+-----+------+-------------+
    |     Memory    |       Module       | BRAM_18K| FF| LUT| URAM| Words| Bits| Banks| W*Bits*Banks|
    +---------------+--------------------+---------+---+----+-----+------+-----+------+-------------+
    |atan_table4_U  |met_hw_atan_table4  |        0|  5|   3|    0|    32|    5|     1|          160|
    |inv_table3_U   |met_hw_inv_table3   |        1|  0|   0|    0|  1024|   10|     1|        10240|
    +---------------+--------------------+---------+---+----+-----+------+-----+------+-------------+
    |Total          |                    |        1|  5|   3|    0|  1056|   15|     2|        10400|
    +---------------+--------------------+---------+---+----+-----+------+-----+------+-------------+

    * FIFO: 
    N/A

    * Expression: 
    +---------------------------+----------+-------+---+----+------------+------------+
    |       Variable Name       | Operation| DSP48E| FF| LUT| Bitwidth P0| Bitwidth P1|
    +---------------------------+----------+-------+---+----+------------+------------+
    |a_over_b_V_fu_1055_p2      |     *    |      0|  0|  63|          10|          10|
    |sub_ln68_1_fu_1108_p2      |     -    |      0|  0|  16|           9|           8|
    |sub_ln68_2_fu_1127_p2      |     -    |      0|  0|  15|           1|           8|
    |sub_ln68_fu_1080_p2        |     -    |      0|  0|  15|           8|           7|
    |sub_ln701_10_fu_812_p2     |     -    |      0|  0|  11|          11|          11|
    |sub_ln701_11_fu_818_p2     |     -    |      0|  0|  11|          11|          11|
    |sub_ln701_12_fu_824_p2     |     -    |      0|  0|  11|          11|          11|
    |sub_ln701_13_fu_828_p2     |     -    |      0|  0|  11|          11|          11|
    |sub_ln701_14_fu_832_p2     |     -    |      0|  0|  11|          11|          11|
    |sub_ln701_15_fu_837_p2     |     -    |      0|  0|  11|          11|          11|
    |sub_ln701_16_fu_842_p2     |     -    |      0|  0|  11|          11|          11|
    |sub_ln701_17_fu_848_p2     |     -    |      0|  0|  11|          11|          11|
    |sub_ln701_18_fu_854_p2     |     -    |      0|  0|  11|          11|          11|
    |sub_ln701_19_fu_860_p2     |     -    |      0|  0|  11|          11|          11|
    |sub_ln701_1_fu_764_p2      |     -    |      0|  0|  11|           1|          11|
    |sub_ln701_20_fu_866_p2     |     -    |      0|  0|  11|          11|          11|
    |sub_ln701_21_fu_870_p2     |     -    |      0|  0|  11|          11|          11|
    |sub_ln701_22_fu_874_p2     |     -    |      0|  0|  11|          11|          11|
    |sub_ln701_23_fu_879_p2     |     -    |      0|  0|  11|          11|          11|
    |sub_ln701_24_fu_884_p2     |     -    |      0|  0|  11|          11|          11|
    |sub_ln701_25_fu_890_p2     |     -    |      0|  0|  11|          11|          11|
    |sub_ln701_26_fu_896_p2     |     -    |      0|  0|  11|          11|          11|
    |sub_ln701_27_fu_902_p2     |     -    |      0|  0|  11|          11|          11|
    |sub_ln701_28_fu_908_p2     |     -    |      0|  0|  11|          11|          11|
    |sub_ln701_29_fu_912_p2     |     -    |      0|  0|  11|          11|          11|
    |sub_ln701_2_fu_770_p2      |     -    |      0|  0|  11|          11|          11|
    |sub_ln701_30_fu_916_p2     |     -    |      0|  0|  11|          11|          11|
    |sub_ln701_31_fu_921_p2     |     -    |      0|  0|  11|          11|          11|
    |sub_ln701_32_fu_926_p2     |     -    |      0|  0|  11|          11|          11|
    |sub_ln701_33_fu_932_p2     |     -    |      0|  0|  11|          11|          11|
    |sub_ln701_34_fu_938_p2     |     -    |      0|  0|  11|          11|          11|
    |sub_ln701_35_fu_944_p2     |     -    |      0|  0|  11|          11|          11|
    |sub_ln701_36_fu_950_p2     |     -    |      0|  0|  11|          11|          11|
    |sub_ln701_37_fu_954_p2     |     -    |      0|  0|  11|          11|          11|
    |sub_ln701_38_fu_958_p2     |     -    |      0|  0|  11|          11|          11|
    |sub_ln701_39_fu_963_p2     |     -    |      0|  0|  11|          11|          11|
    |sub_ln701_3_fu_776_p2      |     -    |      0|  0|  11|          11|          11|
    |sub_ln701_4_fu_782_p2      |     -    |      0|  0|  11|          11|          11|
    |sub_ln701_5_fu_786_p2      |     -    |      0|  0|  11|          11|          11|
    |sub_ln701_6_fu_790_p2      |     -    |      0|  0|  11|          11|          11|
    |sub_ln701_7_fu_795_p2      |     -    |      0|  0|  11|          11|          11|
    |sub_ln701_8_fu_800_p2      |     -    |      0|  0|  11|          11|          11|
    |sub_ln701_9_fu_806_p2      |     -    |      0|  0|  11|          11|          11|
    |sub_ln701_fu_758_p2        |     -    |      0|  0|  11|           1|          11|
    |x_V_1_fu_984_p2            |     -    |      0|  0|  17|           1|          10|
    |y_V_1_fu_1006_p2           |     -    |      0|  0|  17|           1|          10|
    |and_ln253_fu_1104_p2       |    and   |      0|  0|   2|           1|           1|
    |and_ln887_fu_1166_p2       |    and   |      0|  0|   2|           1|           1|
    |ap_block_pp0_stage0_01001  |    and   |      0|  0|   2|           1|           1|
    |icmp_ln229_fu_1049_p2      |   icmp   |      0|  0|  13|          11|           1|
    |icmp_ln895_1_fu_1041_p2    |   icmp   |      0|  0|  13|          10|          10|
    |icmp_ln895_2_fu_1093_p2    |   icmp   |      0|  0|  13|          11|           1|
    |icmp_ln895_3_fu_1122_p2    |   icmp   |      0|  0|  13|          11|           1|
    |icmp_ln895_fu_1020_p2      |   icmp   |      0|  0|  13|          10|          10|
    |or_ln229_fu_1045_p2        |    or    |      0|  0|  11|          11|          11|
    |a_V_fu_1012_p3             |  select  |      0|  0|  10|           1|          10|
    |res_phi_V                  |  select  |      0|  0|   8|           1|           1|
    |select_ln242_1_fu_1030_p3  |  select  |      0|  0|  10|           1|          10|
    |select_ln242_fu_1024_p3    |  select  |      0|  0|  10|           1|          10|
    |select_ln251_fu_1086_p3    |  select  |      0|  0|   7|           1|           7|
    |select_ln253_fu_1114_p3    |  select  |      0|  0|   8|           1|           8|
    |select_ln254_fu_1133_p3    |  select  |      0|  0|   8|           1|           8|
    |select_ln255_fu_1154_p3    |  select  |      0|  0|   8|           1|           8|
    |select_ln887_fu_1171_p3    |  select  |      0|  0|   8|           1|           8|
    |select_ln895_fu_1140_p3    |  select  |      0|  0|   8|           1|           8|
    |x_V_3_fu_990_p3            |  select  |      0|  0|  10|           1|          10|
    |ap_enable_pp0              |    xor   |      0|  0|   2|           1|           2|
    |xor_ln229_fu_1161_p2       |    xor   |      0|  0|   2|           1|           2|
    |xor_ln68_fu_1148_p2        |    xor   |      0|  0|   9|           8|           9|
    +---------------------------+----------+-------+---+----+------------+------------+
    |Total                      |          |      0|  0| 773|         538|         631|
    +---------------------------+----------+-------+---+----+------------+------------+

    * Multiplexer: 
    N/A

    * Register: 
    +-------------------------------------------+----+----+-----+-----------+
    |                    Name                   | FF | LUT| Bits| Const Bits|
    +-------------------------------------------+----+----+-----+-----------+
    |a_V_reg_1575                               |  10|   0|   10|          0|
    |add_ln214_reg_1634                         |  20|   0|   20|          0|
    |ap_CS_fsm                                  |   1|   0|    1|          0|
    |ap_enable_reg_pp0_iter1                    |   1|   0|    1|          0|
    |ap_enable_reg_pp0_iter10                   |   1|   0|    1|          0|
    |ap_enable_reg_pp0_iter11                   |   1|   0|    1|          0|
    |ap_enable_reg_pp0_iter12                   |   1|   0|    1|          0|
    |ap_enable_reg_pp0_iter13                   |   1|   0|    1|          0|
    |ap_enable_reg_pp0_iter14                   |   1|   0|    1|          0|
    |ap_enable_reg_pp0_iter15                   |   1|   0|    1|          0|
    |ap_enable_reg_pp0_iter2                    |   1|   0|    1|          0|
    |ap_enable_reg_pp0_iter3                    |   1|   0|    1|          0|
    |ap_enable_reg_pp0_iter4                    |   1|   0|    1|          0|
    |ap_enable_reg_pp0_iter5                    |   1|   0|    1|          0|
    |ap_enable_reg_pp0_iter6                    |   1|   0|    1|          0|
    |ap_enable_reg_pp0_iter7                    |   1|   0|    1|          0|
    |ap_enable_reg_pp0_iter8                    |   1|   0|    1|          0|
    |ap_enable_reg_pp0_iter9                    |   1|   0|    1|          0|
    |atan_index_V_reg_1609                      |   5|   0|    5|          0|
    |data_phi_10_V_read_reg_1277                |   8|   0|    8|          0|
    |data_phi_10_V_read_reg_1277_pp0_iter1_reg  |   8|   0|    8|          0|
    |data_phi_11_V_read_reg_1289                |   8|   0|    8|          0|
    |data_phi_11_V_read_reg_1289_pp0_iter1_reg  |   8|   0|    8|          0|
    |data_phi_12_V_read_reg_1301                |   8|   0|    8|          0|
    |data_phi_13_V_read_reg_1313                |   8|   0|    8|          0|
    |data_phi_14_V_read_reg_1325                |   8|   0|    8|          0|
    |data_phi_15_V_read_reg_1337                |   8|   0|    8|          0|
    |data_phi_16_V_read_reg_1349                |   8|   0|    8|          0|
    |data_phi_17_V_read_reg_1361                |   8|   0|    8|          0|
    |data_phi_18_V_read_reg_1373                |   8|   0|    8|          0|
    |data_phi_19_V_read_reg_1385                |   8|   0|    8|          0|
    |data_phi_4_V_read_reg_1205                 |   8|   0|    8|          0|
    |data_phi_5_V_read_reg_1217                 |   8|   0|    8|          0|
    |data_phi_6_V_read_reg_1229                 |   8|   0|    8|          0|
    |data_phi_7_V_read_reg_1241                 |   8|   0|    8|          0|
    |data_phi_8_V_read_reg_1253                 |   8|   0|    8|          0|
    |data_phi_8_V_read_reg_1253_pp0_iter1_reg   |   8|   0|    8|          0|
    |data_phi_9_V_read_reg_1265                 |   8|   0|    8|          0|
    |data_phi_9_V_read_reg_1265_pp0_iter1_reg   |   8|   0|    8|          0|
    |data_pt_10_V_read_reg_1271                 |  10|   0|   10|          0|
    |data_pt_10_V_read_reg_1271_pp0_iter1_reg   |  10|   0|   10|          0|
    |data_pt_11_V_read_reg_1283                 |  10|   0|   10|          0|
    |data_pt_11_V_read_reg_1283_pp0_iter1_reg   |  10|   0|   10|          0|
    |data_pt_12_V_read_reg_1295                 |  10|   0|   10|          0|
    |data_pt_13_V_read_reg_1307                 |  10|   0|   10|          0|
    |data_pt_14_V_read_reg_1319                 |  10|   0|   10|          0|
    |data_pt_15_V_read_reg_1331                 |  10|   0|   10|          0|
    |data_pt_16_V_read_reg_1343                 |  10|   0|   10|          0|
    |data_pt_17_V_read_reg_1355                 |  10|   0|   10|          0|
    |data_pt_18_V_read_reg_1367                 |  10|   0|   10|          0|
    |data_pt_19_V_read_reg_1379                 |  10|   0|   10|          0|
    |data_pt_4_V_read_reg_1199                  |  10|   0|   10|          0|
    |data_pt_5_V_read_reg_1211                  |  10|   0|   10|          0|
    |data_pt_6_V_read_reg_1223                  |  10|   0|   10|          0|
    |data_pt_7_V_read_reg_1235                  |  10|   0|   10|          0|
    |data_pt_8_V_read_reg_1247                  |  10|   0|   10|          0|
    |data_pt_8_V_read_reg_1247_pp0_iter1_reg    |  10|   0|   10|          0|
    |data_pt_9_V_read_reg_1259                  |  10|   0|   10|          0|
    |data_pt_9_V_read_reg_1259_pp0_iter1_reg    |  10|   0|   10|          0|
    |grp_ProjX_fu_462_ap_start_reg              |   1|   0|    1|          0|
    |grp_ProjX_fu_470_ap_start_reg              |   1|   0|    1|          0|
    |grp_ProjX_fu_478_ap_start_reg              |   1|   0|    1|          0|
    |grp_ProjX_fu_486_ap_start_reg              |   1|   0|    1|          0|
    |grp_ProjX_fu_494_ap_start_reg              |   1|   0|    1|          0|
    |grp_ProjX_fu_502_ap_start_reg              |   1|   0|    1|          0|
    |grp_ProjX_fu_510_ap_start_reg              |   1|   0|    1|          0|
    |grp_ProjX_fu_518_ap_start_reg              |   1|   0|    1|          0|
    |grp_ProjX_fu_526_ap_start_reg              |   1|   0|    1|          0|
    |grp_ProjX_fu_534_ap_start_reg              |   1|   0|    1|          0|
    |grp_ProjX_fu_542_ap_start_reg              |   1|   0|    1|          0|
    |grp_ProjX_fu_550_ap_start_reg              |   1|   0|    1|          0|
    |grp_ProjX_fu_558_ap_start_reg              |   1|   0|    1|          0|
    |grp_ProjX_fu_566_ap_start_reg              |   1|   0|    1|          0|
    |grp_ProjX_fu_574_ap_start_reg              |   1|   0|    1|          0|
    |grp_ProjX_fu_582_ap_start_reg              |   1|   0|    1|          0|
    |grp_ProjY_fu_630_ap_start_reg              |   1|   0|    1|          0|
    |grp_ProjY_fu_638_ap_start_reg              |   1|   0|    1|          0|
    |grp_ProjY_fu_646_ap_start_reg              |   1|   0|    1|          0|
    |grp_ProjY_fu_654_ap_start_reg              |   1|   0|    1|          0|
    |grp_ProjY_fu_662_ap_start_reg              |   1|   0|    1|          0|
    |grp_ProjY_fu_670_ap_start_reg              |   1|   0|    1|          0|
    |grp_ProjY_fu_678_ap_start_reg              |   1|   0|    1|          0|
    |grp_ProjY_fu_686_ap_start_reg              |   1|   0|    1|          0|
    |grp_ProjY_fu_694_ap_start_reg              |   1|   0|    1|          0|
    |grp_ProjY_fu_702_ap_start_reg              |   1|   0|    1|          0|
    |grp_ProjY_fu_710_ap_start_reg              |   1|   0|    1|          0|
    |grp_ProjY_fu_718_ap_start_reg              |   1|   0|    1|          0|
    |grp_ProjY_fu_726_ap_start_reg              |   1|   0|    1|          0|
    |grp_ProjY_fu_734_ap_start_reg              |   1|   0|    1|          0|
    |grp_ProjY_fu_742_ap_start_reg              |   1|   0|    1|          0|
    |grp_ProjY_fu_750_ap_start_reg              |   1|   0|    1|          0|
    |icmp_ln229_reg_1598                        |   1|   0|    1|          0|
    |icmp_ln895_1_reg_1593                      |   1|   0|    1|          0|
    |icmp_ln895_2_reg_1629                      |   1|   0|    1|          0|
    |inv_b_V_reg_1604                           |  10|   0|   10|          0|
    |met_x_V_0_10_reg_1471                      |  11|   0|   11|          0|
    |met_x_V_0_13_reg_1491                      |  11|   0|   11|          0|
    |met_x_V_0_14_reg_1501                      |  11|   0|   11|          0|
    |met_x_V_0_17_reg_1521                      |  11|   0|   11|          0|
    |met_x_V_0_18_reg_1531                      |  11|   0|   11|          0|
    |met_x_V_0_2_reg_1401                       |  11|   0|   11|          0|
    |met_x_V_0_3_reg_1411                       |  11|   0|   11|          0|
    |met_x_V_0_6_reg_1431                       |  11|   0|   11|          0|
    |met_x_V_0_7_reg_1441                       |  11|   0|   11|          0|
    |met_x_V_0_s_reg_1461                       |  11|   0|   11|          0|
    |met_y_V_0_10_reg_1476                      |  11|   0|   11|          0|
    |met_y_V_0_13_reg_1496                      |  11|   0|   11|          0|
    |met_y_V_0_14_reg_1506                      |  11|   0|   11|          0|
    |met_y_V_0_17_reg_1526                      |  11|   0|   11|          0|
    |met_y_V_0_18_reg_1536                      |  11|   0|   11|          0|
    |met_y_V_0_2_reg_1406                       |  11|   0|   11|          0|
    |met_y_V_0_3_reg_1416                       |  11|   0|   11|          0|
    |met_y_V_0_6_reg_1436                       |  11|   0|   11|          0|
    |met_y_V_0_7_reg_1446                       |  11|   0|   11|          0|
    |met_y_V_0_s_reg_1466                       |  11|   0|   11|          0|
    |mul_ln214_1_reg_1619                       |  20|   0|   20|          0|
    |select_ln242_reg_1583                      |  10|   0|   10|          0|
    |select_ln242_reg_1583_pp0_iter10_reg       |  10|   0|   10|          0|
    |select_ln251_reg_1624                      |   7|   0|    7|          0|
    |select_ln887_reg_1639                      |   8|   0|    8|          0|
    |sub_ln701_10_reg_1421                      |  11|   0|   11|          0|
    |sub_ln701_11_reg_1426                      |  11|   0|   11|          0|
    |sub_ln701_18_reg_1451                      |  11|   0|   11|          0|
    |sub_ln701_19_reg_1456                      |  11|   0|   11|          0|
    |sub_ln701_26_reg_1481                      |  11|   0|   11|          0|
    |sub_ln701_27_reg_1486                      |  11|   0|   11|          0|
    |sub_ln701_2_reg_1391                       |  11|   0|   11|          0|
    |sub_ln701_34_reg_1511                      |  11|   0|   11|          0|
    |sub_ln701_35_reg_1516                      |  11|   0|   11|          0|
    |sub_ln701_38_reg_1541                      |  11|   0|   11|          0|
    |sub_ln701_39_reg_1548                      |  11|   0|   11|          0|
    |sub_ln701_3_reg_1396                       |  11|   0|   11|          0|
    |tmp_1_reg_1569                             |   1|   0|    1|          0|
    |tmp_reg_1555                               |   1|   0|    1|          0|
    |x_V_3_reg_1561                             |  10|   0|   10|          0|
    |data_phi_12_V_read_reg_1301                |  64|  32|    8|          0|
    |data_phi_13_V_read_reg_1313                |  64|  32|    8|          0|
    |data_phi_14_V_read_reg_1325                |  64|  32|    8|          0|
    |data_phi_15_V_read_reg_1337                |  64|  32|    8|          0|
    |data_phi_16_V_read_reg_1349                |  64|  32|    8|          0|
    |data_phi_17_V_read_reg_1361                |  64|  32|    8|          0|
    |data_phi_18_V_read_reg_1373                |  64|  32|    8|          0|
    |data_phi_19_V_read_reg_1385                |  64|  32|    8|          0|
    |data_pt_12_V_read_reg_1295                 |  64|  32|   10|          0|
    |data_pt_13_V_read_reg_1307                 |  64|  32|   10|          0|
    |data_pt_14_V_read_reg_1319                 |  64|  32|   10|          0|
    |data_pt_15_V_read_reg_1331                 |  64|  32|   10|          0|
    |data_pt_16_V_read_reg_1343                 |  64|  32|   10|          0|
    |data_pt_17_V_read_reg_1355                 |  64|  32|   10|          0|
    |data_pt_18_V_read_reg_1367                 |  64|  32|   10|          0|
    |data_pt_19_V_read_reg_1379                 |  64|  32|   10|          0|
    |icmp_ln229_reg_1598                        |  64|  32|    1|          0|
    |icmp_ln895_1_reg_1593                      |  64|  32|    1|          0|
    |sub_ln701_38_reg_1541                      |  64|  32|   11|          0|
    |sub_ln701_39_reg_1548                      |  64|  32|   11|          0|
    |tmp_1_reg_1569                             |  64|  32|    1|          0|
    |tmp_reg_1555                               |  64|  32|    1|          0|
    +-------------------------------------------+----+----+-----+-----------+
    |Total                                      |2283| 704| 1045|          0|
    +-------------------------------------------+----+----+-----+-----------+



================================================================
== Interface
================================================================
* Summary: 
+------------------+-----+-----+------------+---------------+--------------+
|     RTL Ports    | Dir | Bits|  Protocol  | Source Object |    C Type    |
+------------------+-----+-----+------------+---------------+--------------+
|ap_clk            |  in |    1| ap_ctrl_hs |     met_hw    | return value |
|ap_rst            |  in |    1| ap_ctrl_hs |     met_hw    | return value |
|ap_start          |  in |    1| ap_ctrl_hs |     met_hw    | return value |
|ap_done           | out |    1| ap_ctrl_hs |     met_hw    | return value |
|ap_idle           | out |    1| ap_ctrl_hs |     met_hw    | return value |
|ap_ready          | out |    1| ap_ctrl_hs |     met_hw    | return value |
|data_pt_0_V       |  in |   10|   ap_none  |  data_pt_0_V  |    pointer   |
|data_pt_1_V       |  in |   10|   ap_none  |  data_pt_1_V  |    pointer   |
|data_pt_2_V       |  in |   10|   ap_none  |  data_pt_2_V  |    pointer   |
|data_pt_3_V       |  in |   10|   ap_none  |  data_pt_3_V  |    pointer   |
|data_pt_4_V       |  in |   10|   ap_none  |  data_pt_4_V  |    pointer   |
|data_pt_5_V       |  in |   10|   ap_none  |  data_pt_5_V  |    pointer   |
|data_pt_6_V       |  in |   10|   ap_none  |  data_pt_6_V  |    pointer   |
|data_pt_7_V       |  in |   10|   ap_none  |  data_pt_7_V  |    pointer   |
|data_pt_8_V       |  in |   10|   ap_none  |  data_pt_8_V  |    pointer   |
|data_pt_9_V       |  in |   10|   ap_none  |  data_pt_9_V  |    pointer   |
|data_pt_10_V      |  in |   10|   ap_none  |  data_pt_10_V |    pointer   |
|data_pt_11_V      |  in |   10|   ap_none  |  data_pt_11_V |    pointer   |
|data_pt_12_V      |  in |   10|   ap_none  |  data_pt_12_V |    pointer   |
|data_pt_13_V      |  in |   10|   ap_none  |  data_pt_13_V |    pointer   |
|data_pt_14_V      |  in |   10|   ap_none  |  data_pt_14_V |    pointer   |
|data_pt_15_V      |  in |   10|   ap_none  |  data_pt_15_V |    pointer   |
|data_pt_16_V      |  in |   10|   ap_none  |  data_pt_16_V |    pointer   |
|data_pt_17_V      |  in |   10|   ap_none  |  data_pt_17_V |    pointer   |
|data_pt_18_V      |  in |   10|   ap_none  |  data_pt_18_V |    pointer   |
|data_pt_19_V      |  in |   10|   ap_none  |  data_pt_19_V |    pointer   |
|data_phi_0_V      |  in |    8|   ap_none  |  data_phi_0_V |    pointer   |
|data_phi_1_V      |  in |    8|   ap_none  |  data_phi_1_V |    pointer   |
|data_phi_2_V      |  in |    8|   ap_none  |  data_phi_2_V |    pointer   |
|data_phi_3_V      |  in |    8|   ap_none  |  data_phi_3_V |    pointer   |
|data_phi_4_V      |  in |    8|   ap_none  |  data_phi_4_V |    pointer   |
|data_phi_5_V      |  in |    8|   ap_none  |  data_phi_5_V |    pointer   |
|data_phi_6_V      |  in |    8|   ap_none  |  data_phi_6_V |    pointer   |
|data_phi_7_V      |  in |    8|   ap_none  |  data_phi_7_V |    pointer   |
|data_phi_8_V      |  in |    8|   ap_none  |  data_phi_8_V |    pointer   |
|data_phi_9_V      |  in |    8|   ap_none  |  data_phi_9_V |    pointer   |
|data_phi_10_V     |  in |    8|   ap_none  | data_phi_10_V |    pointer   |
|data_phi_11_V     |  in |    8|   ap_none  | data_phi_11_V |    pointer   |
|data_phi_12_V     |  in |    8|   ap_none  | data_phi_12_V |    pointer   |
|data_phi_13_V     |  in |    8|   ap_none  | data_phi_13_V |    pointer   |
|data_phi_14_V     |  in |    8|   ap_none  | data_phi_14_V |    pointer   |
|data_phi_15_V     |  in |    8|   ap_none  | data_phi_15_V |    pointer   |
|data_phi_16_V     |  in |    8|   ap_none  | data_phi_16_V |    pointer   |
|data_phi_17_V     |  in |    8|   ap_none  | data_phi_17_V |    pointer   |
|data_phi_18_V     |  in |    8|   ap_none  | data_phi_18_V |    pointer   |
|data_phi_19_V     |  in |    8|   ap_none  | data_phi_19_V |    pointer   |
|res_pt2_V         | out |   20|   ap_vld   |   res_pt2_V   |    pointer   |
|res_pt2_V_ap_vld  | out |    1|   ap_vld   |   res_pt2_V   |    pointer   |
|res_phi_V         | out |    8|   ap_vld   |   res_phi_V   |    pointer   |
|res_phi_V_ap_vld  | out |    1|   ap_vld   |   res_phi_V   |    pointer   |
+------------------+-----+-----+------------+---------------+--------------+

