

================================================================
== Vivado HLS Report for 'met_hw'
================================================================
* Date:           Wed Oct 23 19:32:08 2019

* Version:        2019.1 (Build 2552052 on Fri May 24 15:28:33 MDT 2019)
* Project:        proj0
* Solution:       solution1
* Product family: virtex7
* Target device:  xc7vx690t-ffg1927-2


================================================================
== Performance Estimates
================================================================
+ Timing (ns): 
    * Summary: 
    +--------+-------+----------+------------+
    |  Clock | Target| Estimated| Uncertainty|
    +--------+-------+----------+------------+
    |ap_clk  |   5.00|     4.890|        0.62|
    +--------+-------+----------+------------+

+ Latency (clock cycles): 
    * Summary: 
    +-----+-----+-----+-----+----------+
    |  Latency  |  Interval | Pipeline |
    | min | max | min | max |   Type   |
    +-----+-----+-----+-----+----------+
    |   35|   35|    4|    4| function |
    +-----+-----+-----+-----+----------+

    + Detail: 
        * Instance: 
        +-------------------+-------+-----+-----+-----+-----+----------+
        |                   |       |  Latency  |  Interval | Pipeline |
        |      Instance     | Module| min | max | min | max |   Type   |
        +-------------------+-------+-----+-----+-----+-----+----------+
        |grp_ProjX_fu_1712  |ProjX  |    3|    3|    1|    1| function |
        |grp_ProjX_fu_1722  |ProjX  |    3|    3|    1|    1| function |
        |grp_ProjX_fu_1732  |ProjX  |    3|    3|    1|    1| function |
        |grp_ProjX_fu_1742  |ProjX  |    3|    3|    1|    1| function |
        |grp_ProjX_fu_1752  |ProjX  |    3|    3|    1|    1| function |
        |grp_ProjX_fu_1762  |ProjX  |    3|    3|    1|    1| function |
        |grp_ProjX_fu_1772  |ProjX  |    3|    3|    1|    1| function |
        |grp_ProjX_fu_1782  |ProjX  |    3|    3|    1|    1| function |
        |grp_ProjX_fu_1792  |ProjX  |    3|    3|    1|    1| function |
        |grp_ProjX_fu_1802  |ProjX  |    3|    3|    1|    1| function |
        |grp_ProjX_fu_1812  |ProjX  |    3|    3|    1|    1| function |
        |grp_ProjX_fu_1822  |ProjX  |    3|    3|    1|    1| function |
        |grp_ProjX_fu_1832  |ProjX  |    3|    3|    1|    1| function |
        |grp_ProjX_fu_1842  |ProjX  |    3|    3|    1|    1| function |
        |grp_ProjX_fu_1852  |ProjX  |    3|    3|    1|    1| function |
        |grp_ProjX_fu_1862  |ProjX  |    3|    3|    1|    1| function |
        |grp_ProjX_fu_1872  |ProjX  |    3|    3|    1|    1| function |
        |grp_ProjX_fu_1882  |ProjX  |    3|    3|    1|    1| function |
        |grp_ProjX_fu_1892  |ProjX  |    3|    3|    1|    1| function |
        |grp_ProjX_fu_1902  |ProjX  |    3|    3|    1|    1| function |
        |grp_ProjX_fu_1912  |ProjX  |    3|    3|    1|    1| function |
        |grp_ProjX_fu_1922  |ProjX  |    3|    3|    1|    1| function |
        |grp_ProjX_fu_1932  |ProjX  |    3|    3|    1|    1| function |
        |grp_ProjX_fu_1942  |ProjX  |    3|    3|    1|    1| function |
        |grp_ProjX_fu_1952  |ProjX  |    3|    3|    1|    1| function |
        |grp_ProjY_fu_2112  |ProjY  |    3|    3|    1|    1| function |
        |grp_ProjY_fu_2122  |ProjY  |    3|    3|    1|    1| function |
        |grp_ProjY_fu_2132  |ProjY  |    3|    3|    1|    1| function |
        |grp_ProjY_fu_2142  |ProjY  |    3|    3|    1|    1| function |
        |grp_ProjY_fu_2152  |ProjY  |    3|    3|    1|    1| function |
        |grp_ProjY_fu_2162  |ProjY  |    3|    3|    1|    1| function |
        |grp_ProjY_fu_2172  |ProjY  |    3|    3|    1|    1| function |
        |grp_ProjY_fu_2182  |ProjY  |    3|    3|    1|    1| function |
        |grp_ProjY_fu_2192  |ProjY  |    3|    3|    1|    1| function |
        |grp_ProjY_fu_2202  |ProjY  |    3|    3|    1|    1| function |
        |grp_ProjY_fu_2212  |ProjY  |    3|    3|    1|    1| function |
        |grp_ProjY_fu_2222  |ProjY  |    3|    3|    1|    1| function |
        |grp_ProjY_fu_2232  |ProjY  |    3|    3|    1|    1| function |
        |grp_ProjY_fu_2242  |ProjY  |    3|    3|    1|    1| function |
        |grp_ProjY_fu_2252  |ProjY  |    3|    3|    1|    1| function |
        |grp_ProjY_fu_2262  |ProjY  |    3|    3|    1|    1| function |
        |grp_ProjY_fu_2272  |ProjY  |    3|    3|    1|    1| function |
        |grp_ProjY_fu_2282  |ProjY  |    3|    3|    1|    1| function |
        |grp_ProjY_fu_2292  |ProjY  |    3|    3|    1|    1| function |
        |grp_ProjY_fu_2302  |ProjY  |    3|    3|    1|    1| function |
        |grp_ProjY_fu_2312  |ProjY  |    3|    3|    1|    1| function |
        |grp_ProjY_fu_2322  |ProjY  |    3|    3|    1|    1| function |
        |grp_ProjY_fu_2332  |ProjY  |    3|    3|    1|    1| function |
        |grp_ProjY_fu_2342  |ProjY  |    3|    3|    1|    1| function |
        |grp_ProjY_fu_2352  |ProjY  |    3|    3|    1|    1| function |
        +-------------------+-------+-----+-----+-----+-----+----------+

        * Loop: 
        N/A



================================================================
== Utilization Estimates
================================================================
* Summary: 
+-----------------+---------+-------+--------+--------+-----+
|       Name      | BRAM_18K| DSP48E|   FF   |   LUT  | URAM|
+-----------------+---------+-------+--------+--------+-----+
|DSP              |        -|      3|       -|       -|    -|
|Expression       |        -|      -|       0|    3773|    -|
|FIFO             |        -|      -|       -|       -|    -|
|Instance         |       50|     50|    9075|    8175|    -|
|Memory           |       16|      -|       7|      14|    -|
|Multiplexer      |        -|      -|       -|    3186|    -|
|Register         |        0|      -|   13069|    3968|    -|
+-----------------+---------+-------+--------+--------+-----+
|Total            |       66|     53|   22151|   19116|    0|
+-----------------+---------+-------+--------+--------+-----+
|Available        |     2940|   3600|  866400|  433200|    0|
+-----------------+---------+-------+--------+--------+-----+
|Utilization (%)  |        2|      1|       2|       4|    0|
+-----------------+---------+-------+--------+--------+-----+

+ Detail: 
    * Instance: 
    +-------------------+-------+---------+-------+-----+-----+-----+
    |      Instance     | Module| BRAM_18K| DSP48E|  FF | LUT | URAM|
    +-------------------+-------+---------+-------+-----+-----+-----+
    |grp_ProjX_fu_1712  |ProjX  |        1|      1|  214|  187|    0|
    |grp_ProjX_fu_1722  |ProjX  |        1|      1|  214|  187|    0|
    |grp_ProjX_fu_1732  |ProjX  |        1|      1|  214|  187|    0|
    |grp_ProjX_fu_1742  |ProjX  |        1|      1|  214|  187|    0|
    |grp_ProjX_fu_1752  |ProjX  |        1|      1|  214|  187|    0|
    |grp_ProjX_fu_1762  |ProjX  |        1|      1|  214|  187|    0|
    |grp_ProjX_fu_1772  |ProjX  |        1|      1|  214|  187|    0|
    |grp_ProjX_fu_1782  |ProjX  |        1|      1|  214|  187|    0|
    |grp_ProjX_fu_1792  |ProjX  |        1|      1|  214|  187|    0|
    |grp_ProjX_fu_1802  |ProjX  |        1|      1|  214|  187|    0|
    |grp_ProjX_fu_1812  |ProjX  |        1|      1|  214|  187|    0|
    |grp_ProjX_fu_1822  |ProjX  |        1|      1|  214|  187|    0|
    |grp_ProjX_fu_1832  |ProjX  |        1|      1|  214|  187|    0|
    |grp_ProjX_fu_1842  |ProjX  |        1|      1|  214|  187|    0|
    |grp_ProjX_fu_1852  |ProjX  |        1|      1|  214|  187|    0|
    |grp_ProjX_fu_1862  |ProjX  |        1|      1|  214|  187|    0|
    |grp_ProjX_fu_1872  |ProjX  |        1|      1|  214|  187|    0|
    |grp_ProjX_fu_1882  |ProjX  |        1|      1|  214|  187|    0|
    |grp_ProjX_fu_1892  |ProjX  |        1|      1|  214|  187|    0|
    |grp_ProjX_fu_1902  |ProjX  |        1|      1|  214|  187|    0|
    |grp_ProjX_fu_1912  |ProjX  |        1|      1|  214|  187|    0|
    |grp_ProjX_fu_1922  |ProjX  |        1|      1|  214|  187|    0|
    |grp_ProjX_fu_1932  |ProjX  |        1|      1|  214|  187|    0|
    |grp_ProjX_fu_1942  |ProjX  |        1|      1|  214|  187|    0|
    |grp_ProjX_fu_1952  |ProjX  |        1|      1|  214|  187|    0|
    |grp_ProjY_fu_2112  |ProjY  |        1|      1|  149|  140|    0|
    |grp_ProjY_fu_2122  |ProjY  |        1|      1|  149|  140|    0|
    |grp_ProjY_fu_2132  |ProjY  |        1|      1|  149|  140|    0|
    |grp_ProjY_fu_2142  |ProjY  |        1|      1|  149|  140|    0|
    |grp_ProjY_fu_2152  |ProjY  |        1|      1|  149|  140|    0|
    |grp_ProjY_fu_2162  |ProjY  |        1|      1|  149|  140|    0|
    |grp_ProjY_fu_2172  |ProjY  |        1|      1|  149|  140|    0|
    |grp_ProjY_fu_2182  |ProjY  |        1|      1|  149|  140|    0|
    |grp_ProjY_fu_2192  |ProjY  |        1|      1|  149|  140|    0|
    |grp_ProjY_fu_2202  |ProjY  |        1|      1|  149|  140|    0|
    |grp_ProjY_fu_2212  |ProjY  |        1|      1|  149|  140|    0|
    |grp_ProjY_fu_2222  |ProjY  |        1|      1|  149|  140|    0|
    |grp_ProjY_fu_2232  |ProjY  |        1|      1|  149|  140|    0|
    |grp_ProjY_fu_2242  |ProjY  |        1|      1|  149|  140|    0|
    |grp_ProjY_fu_2252  |ProjY  |        1|      1|  149|  140|    0|
    |grp_ProjY_fu_2262  |ProjY  |        1|      1|  149|  140|    0|
    |grp_ProjY_fu_2272  |ProjY  |        1|      1|  149|  140|    0|
    |grp_ProjY_fu_2282  |ProjY  |        1|      1|  149|  140|    0|
    |grp_ProjY_fu_2292  |ProjY  |        1|      1|  149|  140|    0|
    |grp_ProjY_fu_2302  |ProjY  |        1|      1|  149|  140|    0|
    |grp_ProjY_fu_2312  |ProjY  |        1|      1|  149|  140|    0|
    |grp_ProjY_fu_2322  |ProjY  |        1|      1|  149|  140|    0|
    |grp_ProjY_fu_2332  |ProjY  |        1|      1|  149|  140|    0|
    |grp_ProjY_fu_2342  |ProjY  |        1|      1|  149|  140|    0|
    |grp_ProjY_fu_2352  |ProjY  |        1|      1|  149|  140|    0|
    +-------------------+-------+---------+-------+-----+-----+-----+
    |Total              |       |       50|     50| 9075| 8175|    0|
    +-------------------+-------+---------+-------+-----+-----+-----+

    * DSP48E: 
    +------------------------------------------+--------------------------------------+--------------+
    |                 Instance                 |                Module                |  Expression  |
    +------------------------------------------+--------------------------------------+--------------+
    |met_hw_mac_muladd_17s_17s_32s_32_1_1_U11  |met_hw_mac_muladd_17s_17s_32s_32_1_1  | i0 + i1 * i1 |
    |met_hw_mul_mul_16s_16s_16_1_1_U12         |met_hw_mul_mul_16s_16s_16_1_1         |    i0 * i1   |
    |met_hw_mul_mul_17s_17s_32_1_1_U10         |met_hw_mul_mul_17s_17s_32_1_1         |    i0 * i0   |
    +------------------------------------------+--------------------------------------+--------------+

    * Memory: 
    +---------------+--------------------+---------+---+----+-----+-------+-----+------+-------------+
    |     Memory    |       Module       | BRAM_18K| FF| LUT| URAM| Words | Bits| Banks| W*Bits*Banks|
    +---------------+--------------------+---------+---+----+-----+-------+-----+------+-------------+
    |atan_table4_U  |met_hw_atan_table4  |        0|  7|  14|    0|    128|    7|     1|          896|
    |inv_table3_U   |met_hw_inv_table3   |       16|  0|   0|    0|  16384|   16|     1|       262144|
    +---------------+--------------------+---------+---+----+-----+-------+-----+------+-------------+
    |Total          |                    |       16|  7|  14|    0|  16512|   23|     2|       263040|
    +---------------+--------------------+---------+---+----+-----+-------+-----+------+-------------+

    * FIFO: 
    N/A

    * Expression: 
    +---------------------------+----------+-------+---+----+------------+------------+
    |       Variable Name       | Operation| DSP48E| FF| LUT| Bitwidth P0| Bitwidth P1|
    +---------------------------+----------+-------+---+----+------------+------------+
    |sub_ln68_1_fu_3630_p2      |     -    |      0|  0|  18|          11|          10|
    |sub_ln68_2_fu_3644_p2      |     -    |      0|  0|  17|           1|          10|
    |sub_ln68_fu_3610_p2        |     -    |      0|  0|  17|          10|           9|
    |sub_ln701_100_fu_2992_p2   |     -    |      0|  0|  17|          17|          17|
    |sub_ln701_101_fu_2996_p2   |     -    |      0|  0|  17|          17|          17|
    |sub_ln701_102_fu_3000_p2   |     -    |      0|  0|  17|          17|          17|
    |sub_ln701_103_fu_3005_p2   |     -    |      0|  0|  17|          17|          17|
    |sub_ln701_104_fu_3010_p2   |     -    |      0|  0|  17|          17|          17|
    |sub_ln701_105_fu_3015_p2   |     -    |      0|  0|  17|          17|          17|
    |sub_ln701_106_fu_3020_p2   |     -    |      0|  0|  17|          17|          17|
    |sub_ln701_107_fu_3025_p2   |     -    |      0|  0|  17|          17|          17|
    |sub_ln701_108_fu_3030_p2   |     -    |      0|  0|  17|          17|          17|
    |sub_ln701_109_fu_3034_p2   |     -    |      0|  0|  17|          17|          17|
    |sub_ln701_10_fu_2564_p2    |     -    |      0|  0|  17|          17|          17|
    |sub_ln701_110_fu_3038_p2   |     -    |      0|  0|  17|          17|          17|
    |sub_ln701_111_fu_3043_p2   |     -    |      0|  0|  17|          17|          17|
    |sub_ln701_112_fu_3048_p2   |     -    |      0|  0|  17|          17|          17|
    |sub_ln701_113_fu_3053_p2   |     -    |      0|  0|  17|          17|          17|
    |sub_ln701_114_fu_3058_p2   |     -    |      0|  0|  17|          17|          17|
    |sub_ln701_115_fu_3063_p2   |     -    |      0|  0|  17|          17|          17|
    |sub_ln701_116_fu_3068_p2   |     -    |      0|  0|  17|          17|          17|
    |sub_ln701_117_fu_3072_p2   |     -    |      0|  0|  17|          17|          17|
    |sub_ln701_118_fu_3076_p2   |     -    |      0|  0|  17|          17|          17|
    |sub_ln701_119_fu_3081_p2   |     -    |      0|  0|  17|          17|          17|
    |sub_ln701_11_fu_2569_p2    |     -    |      0|  0|  17|          17|          17|
    |sub_ln701_120_fu_3086_p2   |     -    |      0|  0|  17|          17|          17|
    |sub_ln701_121_fu_3091_p2   |     -    |      0|  0|  17|          17|          17|
    |sub_ln701_122_fu_3096_p2   |     -    |      0|  0|  17|          17|          17|
    |sub_ln701_123_fu_3101_p2   |     -    |      0|  0|  17|          17|          17|
    |sub_ln701_124_fu_3106_p2   |     -    |      0|  0|  17|          17|          17|
    |sub_ln701_125_fu_3110_p2   |     -    |      0|  0|  17|          17|          17|
    |sub_ln701_126_fu_3114_p2   |     -    |      0|  0|  17|          17|          17|
    |sub_ln701_127_fu_3119_p2   |     -    |      0|  0|  17|          17|          17|
    |sub_ln701_128_fu_3124_p2   |     -    |      0|  0|  17|          17|          17|
    |sub_ln701_129_fu_3129_p2   |     -    |      0|  0|  17|          17|          17|
    |sub_ln701_12_fu_2574_p2    |     -    |      0|  0|  17|          17|          17|
    |sub_ln701_130_fu_3134_p2   |     -    |      0|  0|  17|          17|          17|
    |sub_ln701_131_fu_3139_p2   |     -    |      0|  0|  17|          17|          17|
    |sub_ln701_132_fu_3144_p2   |     -    |      0|  0|  17|          17|          17|
    |sub_ln701_133_fu_3148_p2   |     -    |      0|  0|  17|          17|          17|
    |sub_ln701_134_fu_3152_p2   |     -    |      0|  0|  17|          17|          17|
    |sub_ln701_135_fu_3157_p2   |     -    |      0|  0|  17|          17|          17|
    |sub_ln701_136_fu_3162_p2   |     -    |      0|  0|  17|          17|          17|
    |sub_ln701_137_fu_3167_p2   |     -    |      0|  0|  17|          17|          17|
    |sub_ln701_138_fu_3172_p2   |     -    |      0|  0|  17|          17|          17|
    |sub_ln701_139_fu_3177_p2   |     -    |      0|  0|  17|          17|          17|
    |sub_ln701_13_fu_2578_p2    |     -    |      0|  0|  17|          17|          17|
    |sub_ln701_140_fu_3182_p2   |     -    |      0|  0|  17|          17|          17|
    |sub_ln701_141_fu_3186_p2   |     -    |      0|  0|  17|          17|          17|
    |sub_ln701_142_fu_3190_p2   |     -    |      0|  0|  17|          17|          17|
    |sub_ln701_143_fu_3195_p2   |     -    |      0|  0|  17|          17|          17|
    |sub_ln701_144_fu_3200_p2   |     -    |      0|  0|  17|          17|          17|
    |sub_ln701_145_fu_3205_p2   |     -    |      0|  0|  17|          17|          17|
    |sub_ln701_146_fu_3210_p2   |     -    |      0|  0|  17|          17|          17|
    |sub_ln701_147_fu_3215_p2   |     -    |      0|  0|  17|          17|          17|
    |sub_ln701_148_fu_3220_p2   |     -    |      0|  0|  17|          17|          17|
    |sub_ln701_149_fu_3224_p2   |     -    |      0|  0|  17|          17|          17|
    |sub_ln701_14_fu_2582_p2    |     -    |      0|  0|  17|          17|          17|
    |sub_ln701_150_fu_3228_p2   |     -    |      0|  0|  17|          17|          17|
    |sub_ln701_151_fu_3233_p2   |     -    |      0|  0|  17|          17|          17|
    |sub_ln701_152_fu_3238_p2   |     -    |      0|  0|  17|          17|          17|
    |sub_ln701_153_fu_3243_p2   |     -    |      0|  0|  17|          17|          17|
    |sub_ln701_154_fu_3248_p2   |     -    |      0|  0|  17|          17|          17|
    |sub_ln701_155_fu_3253_p2   |     -    |      0|  0|  17|          17|          17|
    |sub_ln701_156_fu_3258_p2   |     -    |      0|  0|  17|          17|          17|
    |sub_ln701_157_fu_3262_p2   |     -    |      0|  0|  17|          17|          17|
    |sub_ln701_158_fu_3266_p2   |     -    |      0|  0|  17|          17|          17|
    |sub_ln701_159_fu_3271_p2   |     -    |      0|  0|  17|          17|          17|
    |sub_ln701_15_fu_2587_p2    |     -    |      0|  0|  17|          17|          17|
    |sub_ln701_160_fu_3276_p2   |     -    |      0|  0|  17|          17|          17|
    |sub_ln701_161_fu_3281_p2   |     -    |      0|  0|  17|          17|          17|
    |sub_ln701_162_fu_3286_p2   |     -    |      0|  0|  17|          17|          17|
    |sub_ln701_163_fu_3291_p2   |     -    |      0|  0|  17|          17|          17|
    |sub_ln701_164_fu_3296_p2   |     -    |      0|  0|  17|          17|          17|
    |sub_ln701_165_fu_3300_p2   |     -    |      0|  0|  17|          17|          17|
    |sub_ln701_166_fu_3304_p2   |     -    |      0|  0|  17|          17|          17|
    |sub_ln701_167_fu_3309_p2   |     -    |      0|  0|  17|          17|          17|
    |sub_ln701_168_fu_3314_p2   |     -    |      0|  0|  17|          17|          17|
    |sub_ln701_169_fu_3319_p2   |     -    |      0|  0|  17|          17|          17|
    |sub_ln701_16_fu_2592_p2    |     -    |      0|  0|  17|          17|          17|
    |sub_ln701_170_fu_3324_p2   |     -    |      0|  0|  17|          17|          17|
    |sub_ln701_171_fu_3329_p2   |     -    |      0|  0|  17|          17|          17|
    |sub_ln701_172_fu_3334_p2   |     -    |      0|  0|  17|          17|          17|
    |sub_ln701_173_fu_3338_p2   |     -    |      0|  0|  17|          17|          17|
    |sub_ln701_174_fu_3342_p2   |     -    |      0|  0|  17|          17|          17|
    |sub_ln701_175_fu_3347_p2   |     -    |      0|  0|  17|          17|          17|
    |sub_ln701_176_fu_3352_p2   |     -    |      0|  0|  17|          17|          17|
    |sub_ln701_177_fu_3357_p2   |     -    |      0|  0|  17|          17|          17|
    |sub_ln701_178_fu_3362_p2   |     -    |      0|  0|  17|          17|          17|
    |sub_ln701_179_fu_3367_p2   |     -    |      0|  0|  17|          17|          17|
    |sub_ln701_17_fu_2597_p2    |     -    |      0|  0|  17|          17|          17|
    |sub_ln701_180_fu_3372_p2   |     -    |      0|  0|  17|          17|          17|
    |sub_ln701_181_fu_3376_p2   |     -    |      0|  0|  17|          17|          17|
    |sub_ln701_182_fu_3380_p2   |     -    |      0|  0|  17|          17|          17|
    |sub_ln701_183_fu_3385_p2   |     -    |      0|  0|  17|          17|          17|
    |sub_ln701_184_fu_3390_p2   |     -    |      0|  0|  17|          17|          17|
    |sub_ln701_185_fu_3395_p2   |     -    |      0|  0|  17|          17|          17|
    |sub_ln701_186_fu_3400_p2   |     -    |      0|  0|  17|          17|          17|
    |sub_ln701_187_fu_3405_p2   |     -    |      0|  0|  17|          17|          17|
    |sub_ln701_188_fu_3410_p2   |     -    |      0|  0|  17|          17|          17|
    |sub_ln701_189_fu_3414_p2   |     -    |      0|  0|  17|          17|          17|
    |sub_ln701_18_fu_2602_p2    |     -    |      0|  0|  17|          17|          17|
    |sub_ln701_190_fu_3418_p2   |     -    |      0|  0|  17|          17|          17|
    |sub_ln701_191_fu_3423_p2   |     -    |      0|  0|  17|          17|          17|
    |sub_ln701_192_fu_3428_p2   |     -    |      0|  0|  17|          17|          17|
    |sub_ln701_193_fu_3433_p2   |     -    |      0|  0|  17|          17|          17|
    |sub_ln701_194_fu_3438_p2   |     -    |      0|  0|  17|          17|          17|
    |sub_ln701_195_fu_3443_p2   |     -    |      0|  0|  17|          17|          17|
    |sub_ln701_196_fu_3448_p2   |     -    |      0|  0|  17|          17|          17|
    |sub_ln701_197_fu_3452_p2   |     -    |      0|  0|  17|          17|          17|
    |sub_ln701_198_fu_3456_p2   |     -    |      0|  0|  17|          17|          17|
    |sub_ln701_199_fu_3461_p2   |     -    |      0|  0|  17|          17|          17|
    |sub_ln701_19_fu_2607_p2    |     -    |      0|  0|  17|          17|          17|
    |sub_ln701_1_fu_2518_p2     |     -    |      0|  0|  17|           1|          17|
    |sub_ln701_20_fu_2612_p2    |     -    |      0|  0|  17|          17|          17|
    |sub_ln701_21_fu_2616_p2    |     -    |      0|  0|  17|          17|          17|
    |sub_ln701_22_fu_2620_p2    |     -    |      0|  0|  17|          17|          17|
    |sub_ln701_23_fu_2625_p2    |     -    |      0|  0|  17|          17|          17|
    |sub_ln701_24_fu_2630_p2    |     -    |      0|  0|  17|          17|          17|
    |sub_ln701_25_fu_2635_p2    |     -    |      0|  0|  17|          17|          17|
    |sub_ln701_26_fu_2640_p2    |     -    |      0|  0|  17|          17|          17|
    |sub_ln701_27_fu_2645_p2    |     -    |      0|  0|  17|          17|          17|
    |sub_ln701_28_fu_2650_p2    |     -    |      0|  0|  17|          17|          17|
    |sub_ln701_29_fu_2654_p2    |     -    |      0|  0|  17|          17|          17|
    |sub_ln701_2_fu_2524_p2     |     -    |      0|  0|  17|          17|          17|
    |sub_ln701_30_fu_2658_p2    |     -    |      0|  0|  17|          17|          17|
    |sub_ln701_31_fu_2663_p2    |     -    |      0|  0|  17|          17|          17|
    |sub_ln701_32_fu_2668_p2    |     -    |      0|  0|  17|          17|          17|
    |sub_ln701_33_fu_2673_p2    |     -    |      0|  0|  17|          17|          17|
    |sub_ln701_34_fu_2678_p2    |     -    |      0|  0|  17|          17|          17|
    |sub_ln701_35_fu_2683_p2    |     -    |      0|  0|  17|          17|          17|
    |sub_ln701_36_fu_2688_p2    |     -    |      0|  0|  17|          17|          17|
    |sub_ln701_37_fu_2692_p2    |     -    |      0|  0|  17|          17|          17|
    |sub_ln701_38_fu_2696_p2    |     -    |      0|  0|  17|          17|          17|
    |sub_ln701_39_fu_2701_p2    |     -    |      0|  0|  17|          17|          17|
    |sub_ln701_3_fu_2530_p2     |     -    |      0|  0|  17|          17|          17|
    |sub_ln701_40_fu_2706_p2    |     -    |      0|  0|  17|          17|          17|
    |sub_ln701_41_fu_2711_p2    |     -    |      0|  0|  17|          17|          17|
    |sub_ln701_42_fu_2716_p2    |     -    |      0|  0|  17|          17|          17|
    |sub_ln701_43_fu_2721_p2    |     -    |      0|  0|  17|          17|          17|
    |sub_ln701_44_fu_2726_p2    |     -    |      0|  0|  17|          17|          17|
    |sub_ln701_45_fu_2730_p2    |     -    |      0|  0|  17|          17|          17|
    |sub_ln701_46_fu_2734_p2    |     -    |      0|  0|  17|          17|          17|
    |sub_ln701_47_fu_2739_p2    |     -    |      0|  0|  17|          17|          17|
    |sub_ln701_48_fu_2744_p2    |     -    |      0|  0|  17|          17|          17|
    |sub_ln701_49_fu_2749_p2    |     -    |      0|  0|  17|          17|          17|
    |sub_ln701_4_fu_2536_p2     |     -    |      0|  0|  17|          17|          17|
    |sub_ln701_50_fu_2754_p2    |     -    |      0|  0|  17|          17|          17|
    |sub_ln701_51_fu_2759_p2    |     -    |      0|  0|  17|          17|          17|
    |sub_ln701_52_fu_2764_p2    |     -    |      0|  0|  17|          17|          17|
    |sub_ln701_53_fu_2768_p2    |     -    |      0|  0|  17|          17|          17|
    |sub_ln701_54_fu_2772_p2    |     -    |      0|  0|  17|          17|          17|
    |sub_ln701_55_fu_2777_p2    |     -    |      0|  0|  17|          17|          17|
    |sub_ln701_56_fu_2782_p2    |     -    |      0|  0|  17|          17|          17|
    |sub_ln701_57_fu_2787_p2    |     -    |      0|  0|  17|          17|          17|
    |sub_ln701_58_fu_2792_p2    |     -    |      0|  0|  17|          17|          17|
    |sub_ln701_59_fu_2797_p2    |     -    |      0|  0|  17|          17|          17|
    |sub_ln701_5_fu_2540_p2     |     -    |      0|  0|  17|          17|          17|
    |sub_ln701_60_fu_2802_p2    |     -    |      0|  0|  17|          17|          17|
    |sub_ln701_61_fu_2806_p2    |     -    |      0|  0|  17|          17|          17|
    |sub_ln701_62_fu_2810_p2    |     -    |      0|  0|  17|          17|          17|
    |sub_ln701_63_fu_2815_p2    |     -    |      0|  0|  17|          17|          17|
    |sub_ln701_64_fu_2820_p2    |     -    |      0|  0|  17|          17|          17|
    |sub_ln701_65_fu_2825_p2    |     -    |      0|  0|  17|          17|          17|
    |sub_ln701_66_fu_2830_p2    |     -    |      0|  0|  17|          17|          17|
    |sub_ln701_67_fu_2835_p2    |     -    |      0|  0|  17|          17|          17|
    |sub_ln701_68_fu_2840_p2    |     -    |      0|  0|  17|          17|          17|
    |sub_ln701_69_fu_2844_p2    |     -    |      0|  0|  17|          17|          17|
    |sub_ln701_6_fu_2544_p2     |     -    |      0|  0|  17|          17|          17|
    |sub_ln701_70_fu_2848_p2    |     -    |      0|  0|  17|          17|          17|
    |sub_ln701_71_fu_2853_p2    |     -    |      0|  0|  17|          17|          17|
    |sub_ln701_72_fu_2858_p2    |     -    |      0|  0|  17|          17|          17|
    |sub_ln701_73_fu_2863_p2    |     -    |      0|  0|  17|          17|          17|
    |sub_ln701_74_fu_2868_p2    |     -    |      0|  0|  17|          17|          17|
    |sub_ln701_75_fu_2873_p2    |     -    |      0|  0|  17|          17|          17|
    |sub_ln701_76_fu_2878_p2    |     -    |      0|  0|  17|          17|          17|
    |sub_ln701_77_fu_2882_p2    |     -    |      0|  0|  17|          17|          17|
    |sub_ln701_78_fu_2886_p2    |     -    |      0|  0|  17|          17|          17|
    |sub_ln701_79_fu_2891_p2    |     -    |      0|  0|  17|          17|          17|
    |sub_ln701_7_fu_2549_p2     |     -    |      0|  0|  17|          17|          17|
    |sub_ln701_80_fu_2896_p2    |     -    |      0|  0|  17|          17|          17|
    |sub_ln701_81_fu_2901_p2    |     -    |      0|  0|  17|          17|          17|
    |sub_ln701_82_fu_2906_p2    |     -    |      0|  0|  17|          17|          17|
    |sub_ln701_83_fu_2911_p2    |     -    |      0|  0|  17|          17|          17|
    |sub_ln701_84_fu_2916_p2    |     -    |      0|  0|  17|          17|          17|
    |sub_ln701_85_fu_2920_p2    |     -    |      0|  0|  17|          17|          17|
    |sub_ln701_86_fu_2924_p2    |     -    |      0|  0|  17|          17|          17|
    |sub_ln701_87_fu_2929_p2    |     -    |      0|  0|  17|          17|          17|
    |sub_ln701_88_fu_2934_p2    |     -    |      0|  0|  17|          17|          17|
    |sub_ln701_89_fu_2939_p2    |     -    |      0|  0|  17|          17|          17|
    |sub_ln701_8_fu_2554_p2     |     -    |      0|  0|  17|          17|          17|
    |sub_ln701_90_fu_2944_p2    |     -    |      0|  0|  17|          17|          17|
    |sub_ln701_91_fu_2949_p2    |     -    |      0|  0|  17|          17|          17|
    |sub_ln701_92_fu_2954_p2    |     -    |      0|  0|  17|          17|          17|
    |sub_ln701_93_fu_2958_p2    |     -    |      0|  0|  17|          17|          17|
    |sub_ln701_94_fu_2962_p2    |     -    |      0|  0|  17|          17|          17|
    |sub_ln701_95_fu_2967_p2    |     -    |      0|  0|  17|          17|          17|
    |sub_ln701_96_fu_2972_p2    |     -    |      0|  0|  17|          17|          17|
    |sub_ln701_97_fu_2977_p2    |     -    |      0|  0|  17|          17|          17|
    |sub_ln701_98_fu_2982_p2    |     -    |      0|  0|  17|          17|          17|
    |sub_ln701_99_fu_2987_p2    |     -    |      0|  0|  17|          17|          17|
    |sub_ln701_9_fu_2559_p2     |     -    |      0|  0|  17|          17|          17|
    |sub_ln701_fu_2512_p2       |     -    |      0|  0|  17|           1|          17|
    |x_V_1_fu_3482_p2           |     -    |      0|  0|  23|           1|          16|
    |y_V_1_fu_3504_p2           |     -    |      0|  0|  23|           1|          16|
    |and_ln275_fu_3626_p2       |    and   |      0|  0|   2|           1|           1|
    |and_ln887_fu_3682_p2       |    and   |      0|  0|   2|           1|           1|
    |ap_block_pp0_stage0_01001  |    and   |      0|  0|   2|           1|           1|
    |icmp_ln249_fu_3525_p2      |   icmp   |      0|  0|  18|          17|           1|
    |icmp_ln891_fu_3557_p2      |   icmp   |      0|  0|   8|           2|           1|
    |icmp_ln895_1_fu_3568_p2    |   icmp   |      0|  0|  13|          16|          16|
    |icmp_ln895_2_fu_3572_p2    |   icmp   |      0|  0|  18|          17|           1|
    |icmp_ln895_3_fu_3587_p2    |   icmp   |      0|  0|  18|          17|           1|
    |icmp_ln895_fu_3531_p2      |   icmp   |      0|  0|  13|          16|          16|
    |or_ln249_fu_3521_p2        |    or    |      0|  0|  17|          17|          17|
    |a_V_fu_3510_p3             |  select  |      0|  0|  16|           1|          16|
    |res_phi_V                  |  select  |      0|  0|  10|           1|           1|
    |select_ln262_1_fu_3541_p3  |  select  |      0|  0|  16|           1|          16|
    |select_ln262_fu_3535_p3    |  select  |      0|  0|  16|           1|          16|
    |select_ln273_fu_3616_p3    |  select  |      0|  0|   9|           1|           9|
    |select_ln275_fu_3636_p3    |  select  |      0|  0|  10|           1|          10|
    |select_ln276_fu_3650_p3    |  select  |      0|  0|  10|           1|          10|
    |select_ln277_fu_3670_p3    |  select  |      0|  0|  10|           1|          10|
    |select_ln887_fu_3687_p3    |  select  |      0|  0|  10|           1|          10|
    |select_ln891_fu_3580_p3    |  select  |      0|  0|  16|           1|           1|
    |select_ln895_fu_3657_p3    |  select  |      0|  0|  10|           1|          10|
    |x_V_3_fu_3488_p3           |  select  |      0|  0|  16|           1|          16|
    |ap_enable_pp0              |    xor   |      0|  0|   2|           1|           2|
    |xor_ln249_fu_3677_p2       |    xor   |      0|  0|   2|           1|           2|
    |xor_ln68_fu_3664_p2        |    xor   |      0|  0|  11|          10|          11|
    +---------------------------+----------+-------+---+----+------------+------------+
    |Total                      |          |      0|  0|3773|        3521|        3657|
    +---------------------------+----------+-------+---+----+------------+------------+

    * Multiplexer: 
    +----------------------------+----+-----------+-----+-----------+
    |            Name            | LUT| Input Size| Bits| Total Bits|
    +----------------------------+----+-----------+-----+-----------+
    |ap_NS_fsm                   |  27|          5|    1|          5|
    |ap_enable_reg_pp0_iter0     |   9|          2|    1|          2|
    |grp_ProjX_fu_1712_ap_start  |   9|          2|    1|          2|
    |grp_ProjX_fu_1712_phi_V     |  27|          5|   10|         50|
    |grp_ProjX_fu_1712_pt_V      |  27|          5|   16|         80|
    |grp_ProjX_fu_1722_ap_start  |   9|          2|    1|          2|
    |grp_ProjX_fu_1722_phi_V     |  27|          5|   10|         50|
    |grp_ProjX_fu_1722_pt_V      |  27|          5|   16|         80|
    |grp_ProjX_fu_1732_ap_start  |   9|          2|    1|          2|
    |grp_ProjX_fu_1732_phi_V     |  27|          5|   10|         50|
    |grp_ProjX_fu_1732_pt_V      |  27|          5|   16|         80|
    |grp_ProjX_fu_1742_ap_start  |   9|          2|    1|          2|
    |grp_ProjX_fu_1742_phi_V     |  27|          5|   10|         50|
    |grp_ProjX_fu_1742_pt_V      |  27|          5|   16|         80|
    |grp_ProjX_fu_1752_ap_start  |   9|          2|    1|          2|
    |grp_ProjX_fu_1752_phi_V     |  27|          5|   10|         50|
    |grp_ProjX_fu_1752_pt_V      |  27|          5|   16|         80|
    |grp_ProjX_fu_1762_ap_start  |   9|          2|    1|          2|
    |grp_ProjX_fu_1762_phi_V     |  27|          5|   10|         50|
    |grp_ProjX_fu_1762_pt_V      |  27|          5|   16|         80|
    |grp_ProjX_fu_1772_ap_start  |   9|          2|    1|          2|
    |grp_ProjX_fu_1772_phi_V     |  27|          5|   10|         50|
    |grp_ProjX_fu_1772_pt_V      |  27|          5|   16|         80|
    |grp_ProjX_fu_1782_ap_start  |   9|          2|    1|          2|
    |grp_ProjX_fu_1782_phi_V     |  27|          5|   10|         50|
    |grp_ProjX_fu_1782_pt_V      |  27|          5|   16|         80|
    |grp_ProjX_fu_1792_ap_start  |   9|          2|    1|          2|
    |grp_ProjX_fu_1792_phi_V     |  27|          5|   10|         50|
    |grp_ProjX_fu_1792_pt_V      |  27|          5|   16|         80|
    |grp_ProjX_fu_1802_ap_start  |   9|          2|    1|          2|
    |grp_ProjX_fu_1802_phi_V     |  27|          5|   10|         50|
    |grp_ProjX_fu_1802_pt_V      |  27|          5|   16|         80|
    |grp_ProjX_fu_1812_ap_start  |   9|          2|    1|          2|
    |grp_ProjX_fu_1812_phi_V     |  27|          5|   10|         50|
    |grp_ProjX_fu_1812_pt_V      |  27|          5|   16|         80|
    |grp_ProjX_fu_1822_ap_start  |   9|          2|    1|          2|
    |grp_ProjX_fu_1822_phi_V     |  27|          5|   10|         50|
    |grp_ProjX_fu_1822_pt_V      |  27|          5|   16|         80|
    |grp_ProjX_fu_1832_ap_start  |   9|          2|    1|          2|
    |grp_ProjX_fu_1832_phi_V     |  27|          5|   10|         50|
    |grp_ProjX_fu_1832_pt_V      |  27|          5|   16|         80|
    |grp_ProjX_fu_1842_ap_start  |   9|          2|    1|          2|
    |grp_ProjX_fu_1842_phi_V     |  27|          5|   10|         50|
    |grp_ProjX_fu_1842_pt_V      |  27|          5|   16|         80|
    |grp_ProjX_fu_1852_ap_start  |   9|          2|    1|          2|
    |grp_ProjX_fu_1852_phi_V     |  27|          5|   10|         50|
    |grp_ProjX_fu_1852_pt_V      |  27|          5|   16|         80|
    |grp_ProjX_fu_1862_ap_start  |   9|          2|    1|          2|
    |grp_ProjX_fu_1862_phi_V     |  27|          5|   10|         50|
    |grp_ProjX_fu_1862_pt_V      |  27|          5|   16|         80|
    |grp_ProjX_fu_1872_ap_start  |   9|          2|    1|          2|
    |grp_ProjX_fu_1872_phi_V     |  27|          5|   10|         50|
    |grp_ProjX_fu_1872_pt_V      |  27|          5|   16|         80|
    |grp_ProjX_fu_1882_ap_start  |   9|          2|    1|          2|
    |grp_ProjX_fu_1882_phi_V     |  27|          5|   10|         50|
    |grp_ProjX_fu_1882_pt_V      |  27|          5|   16|         80|
    |grp_ProjX_fu_1892_ap_start  |   9|          2|    1|          2|
    |grp_ProjX_fu_1892_phi_V     |  27|          5|   10|         50|
    |grp_ProjX_fu_1892_pt_V      |  27|          5|   16|         80|
    |grp_ProjX_fu_1902_ap_start  |   9|          2|    1|          2|
    |grp_ProjX_fu_1902_phi_V     |  27|          5|   10|         50|
    |grp_ProjX_fu_1902_pt_V      |  27|          5|   16|         80|
    |grp_ProjX_fu_1912_ap_start  |   9|          2|    1|          2|
    |grp_ProjX_fu_1912_phi_V     |  27|          5|   10|         50|
    |grp_ProjX_fu_1912_pt_V      |  27|          5|   16|         80|
    |grp_ProjX_fu_1922_ap_start  |   9|          2|    1|          2|
    |grp_ProjX_fu_1922_phi_V     |  27|          5|   10|         50|
    |grp_ProjX_fu_1922_pt_V      |  27|          5|   16|         80|
    |grp_ProjX_fu_1932_ap_start  |   9|          2|    1|          2|
    |grp_ProjX_fu_1932_phi_V     |  27|          5|   10|         50|
    |grp_ProjX_fu_1932_pt_V      |  27|          5|   16|         80|
    |grp_ProjX_fu_1942_ap_start  |   9|          2|    1|          2|
    |grp_ProjX_fu_1942_phi_V     |  27|          5|   10|         50|
    |grp_ProjX_fu_1942_pt_V      |  27|          5|   16|         80|
    |grp_ProjX_fu_1952_ap_start  |   9|          2|    1|          2|
    |grp_ProjX_fu_1952_phi_V     |  27|          5|   10|         50|
    |grp_ProjX_fu_1952_pt_V      |  27|          5|   16|         80|
    |grp_ProjY_fu_2112_ap_start  |   9|          2|    1|          2|
    |grp_ProjY_fu_2112_phi_V     |  27|          5|   10|         50|
    |grp_ProjY_fu_2112_pt_V      |  27|          5|   16|         80|
    |grp_ProjY_fu_2122_ap_start  |   9|          2|    1|          2|
    |grp_ProjY_fu_2122_phi_V     |  27|          5|   10|         50|
    |grp_ProjY_fu_2122_pt_V      |  27|          5|   16|         80|
    |grp_ProjY_fu_2132_ap_start  |   9|          2|    1|          2|
    |grp_ProjY_fu_2132_phi_V     |  27|          5|   10|         50|
    |grp_ProjY_fu_2132_pt_V      |  27|          5|   16|         80|
    |grp_ProjY_fu_2142_ap_start  |   9|          2|    1|          2|
    |grp_ProjY_fu_2142_phi_V     |  27|          5|   10|         50|
    |grp_ProjY_fu_2142_pt_V      |  27|          5|   16|         80|
    |grp_ProjY_fu_2152_ap_start  |   9|          2|    1|          2|
    |grp_ProjY_fu_2152_phi_V     |  27|          5|   10|         50|
    |grp_ProjY_fu_2152_pt_V      |  27|          5|   16|         80|
    |grp_ProjY_fu_2162_ap_start  |   9|          2|    1|          2|
    |grp_ProjY_fu_2162_phi_V     |  27|          5|   10|         50|
    |grp_ProjY_fu_2162_pt_V      |  27|          5|   16|         80|
    |grp_ProjY_fu_2172_ap_start  |   9|          2|    1|          2|
    |grp_ProjY_fu_2172_phi_V     |  27|          5|   10|         50|
    |grp_ProjY_fu_2172_pt_V      |  27|          5|   16|         80|
    |grp_ProjY_fu_2182_ap_start  |   9|          2|    1|          2|
    |grp_ProjY_fu_2182_phi_V     |  27|          5|   10|         50|
    |grp_ProjY_fu_2182_pt_V      |  27|          5|   16|         80|
    |grp_ProjY_fu_2192_ap_start  |   9|          2|    1|          2|
    |grp_ProjY_fu_2192_phi_V     |  27|          5|   10|         50|
    |grp_ProjY_fu_2192_pt_V      |  27|          5|   16|         80|
    |grp_ProjY_fu_2202_ap_start  |   9|          2|    1|          2|
    |grp_ProjY_fu_2202_phi_V     |  27|          5|   10|         50|
    |grp_ProjY_fu_2202_pt_V      |  27|          5|   16|         80|
    |grp_ProjY_fu_2212_ap_start  |   9|          2|    1|          2|
    |grp_ProjY_fu_2212_phi_V     |  27|          5|   10|         50|
    |grp_ProjY_fu_2212_pt_V      |  27|          5|   16|         80|
    |grp_ProjY_fu_2222_ap_start  |   9|          2|    1|          2|
    |grp_ProjY_fu_2222_phi_V     |  27|          5|   10|         50|
    |grp_ProjY_fu_2222_pt_V      |  27|          5|   16|         80|
    |grp_ProjY_fu_2232_ap_start  |   9|          2|    1|          2|
    |grp_ProjY_fu_2232_phi_V     |  27|          5|   10|         50|
    |grp_ProjY_fu_2232_pt_V      |  27|          5|   16|         80|
    |grp_ProjY_fu_2242_ap_start  |   9|          2|    1|          2|
    |grp_ProjY_fu_2242_phi_V     |  27|          5|   10|         50|
    |grp_ProjY_fu_2242_pt_V      |  27|          5|   16|         80|
    |grp_ProjY_fu_2252_ap_start  |   9|          2|    1|          2|
    |grp_ProjY_fu_2252_phi_V     |  27|          5|   10|         50|
    |grp_ProjY_fu_2252_pt_V      |  27|          5|   16|         80|
    |grp_ProjY_fu_2262_ap_start  |   9|          2|    1|          2|
    |grp_ProjY_fu_2262_phi_V     |  27|          5|   10|         50|
    |grp_ProjY_fu_2262_pt_V      |  27|          5|   16|         80|
    |grp_ProjY_fu_2272_ap_start  |   9|          2|    1|          2|
    |grp_ProjY_fu_2272_phi_V     |  27|          5|   10|         50|
    |grp_ProjY_fu_2272_pt_V      |  27|          5|   16|         80|
    |grp_ProjY_fu_2282_ap_start  |   9|          2|    1|          2|
    |grp_ProjY_fu_2282_phi_V     |  27|          5|   10|         50|
    |grp_ProjY_fu_2282_pt_V      |  27|          5|   16|         80|
    |grp_ProjY_fu_2292_ap_start  |   9|          2|    1|          2|
    |grp_ProjY_fu_2292_phi_V     |  27|          5|   10|         50|
    |grp_ProjY_fu_2292_pt_V      |  27|          5|   16|         80|
    |grp_ProjY_fu_2302_ap_start  |   9|          2|    1|          2|
    |grp_ProjY_fu_2302_phi_V     |  27|          5|   10|         50|
    |grp_ProjY_fu_2302_pt_V      |  27|          5|   16|         80|
    |grp_ProjY_fu_2312_ap_start  |   9|          2|    1|          2|
    |grp_ProjY_fu_2312_phi_V     |  27|          5|   10|         50|
    |grp_ProjY_fu_2312_pt_V      |  27|          5|   16|         80|
    |grp_ProjY_fu_2322_ap_start  |   9|          2|    1|          2|
    |grp_ProjY_fu_2322_phi_V     |  27|          5|   10|         50|
    |grp_ProjY_fu_2322_pt_V      |  27|          5|   16|         80|
    |grp_ProjY_fu_2332_ap_start  |   9|          2|    1|          2|
    |grp_ProjY_fu_2332_phi_V     |  27|          5|   10|         50|
    |grp_ProjY_fu_2332_pt_V      |  27|          5|   16|         80|
    |grp_ProjY_fu_2342_ap_start  |   9|          2|    1|          2|
    |grp_ProjY_fu_2342_phi_V     |  27|          5|   10|         50|
    |grp_ProjY_fu_2342_pt_V      |  27|          5|   16|         80|
    |grp_ProjY_fu_2352_ap_start  |   9|          2|    1|          2|
    |grp_ProjY_fu_2352_phi_V     |  27|          5|   10|         50|
    |grp_ProjY_fu_2352_pt_V      |  27|          5|   16|         80|
    +----------------------------+----+-----------+-----+-----------+
    |Total                       |3186|        607| 1352|       6607|
    +----------------------------+----+-----------+-----+-----------+

    * Register: 
    +-------------------------------------+-----+----+-----+-----------+
    |                 Name                |  FF | LUT| Bits| Const Bits|
    +-------------------------------------+-----+----+-----+-----------+
    |a_V_reg_4983                         |   16|   0|   16|          0|
    |a_over_b_V_reg_5042                  |   16|   0|   16|          0|
    |add_ln214_reg_5027                   |   32|   0|   32|          0|
    |ap_CS_fsm                            |    4|   0|    4|          0|
    |ap_enable_reg_pp0_iter0_reg          |    1|   0|    1|          0|
    |ap_enable_reg_pp0_iter1              |    1|   0|    1|          0|
    |ap_enable_reg_pp0_iter2              |    1|   0|    1|          0|
    |ap_enable_reg_pp0_iter3              |    1|   0|    1|          0|
    |ap_enable_reg_pp0_iter4              |    1|   0|    1|          0|
    |ap_enable_reg_pp0_iter5              |    1|   0|    1|          0|
    |ap_enable_reg_pp0_iter6              |    1|   0|    1|          0|
    |ap_enable_reg_pp0_iter7              |    1|   0|    1|          0|
    |ap_enable_reg_pp0_iter8              |    1|   0|    1|          0|
    |call_ret5_10_reg_3819                |   17|   0|   17|          0|
    |call_ret5_11_reg_3829                |   17|   0|   17|          0|
    |call_ret5_12_reg_3839                |   17|   0|   17|          0|
    |call_ret5_13_reg_3849                |   17|   0|   17|          0|
    |call_ret5_14_reg_3859                |   17|   0|   17|          0|
    |call_ret5_15_reg_3869                |   17|   0|   17|          0|
    |call_ret5_16_reg_3879                |   17|   0|   17|          0|
    |call_ret5_17_reg_3889                |   17|   0|   17|          0|
    |call_ret5_17_reg_3889_pp0_iter1_reg  |   17|   0|   17|          0|
    |call_ret5_18_reg_3899                |   17|   0|   17|          0|
    |call_ret5_18_reg_3899_pp0_iter1_reg  |   17|   0|   17|          0|
    |call_ret5_19_reg_3909                |   17|   0|   17|          0|
    |call_ret5_19_reg_3909_pp0_iter1_reg  |   17|   0|   17|          0|
    |call_ret5_20_reg_3919                |   17|   0|   17|          0|
    |call_ret5_20_reg_3919_pp0_iter1_reg  |   17|   0|   17|          0|
    |call_ret5_21_reg_3929                |   17|   0|   17|          0|
    |call_ret5_21_reg_3929_pp0_iter1_reg  |   17|   0|   17|          0|
    |call_ret5_22_reg_3939                |   17|   0|   17|          0|
    |call_ret5_22_reg_3939_pp0_iter1_reg  |   17|   0|   17|          0|
    |call_ret5_23_reg_3949                |   17|   0|   17|          0|
    |call_ret5_23_reg_3949_pp0_iter1_reg  |   17|   0|   17|          0|
    |call_ret5_24_reg_3969                |   17|   0|   17|          0|
    |call_ret5_24_reg_3969_pp0_iter2_reg  |   17|   0|   17|          0|
    |call_ret5_25_reg_3979                |   17|   0|   17|          0|
    |call_ret5_25_reg_3979_pp0_iter2_reg  |   17|   0|   17|          0|
    |call_ret5_26_reg_3989                |   17|   0|   17|          0|
    |call_ret5_26_reg_3989_pp0_iter2_reg  |   17|   0|   17|          0|
    |call_ret5_27_reg_3999                |   17|   0|   17|          0|
    |call_ret5_27_reg_3999_pp0_iter2_reg  |   17|   0|   17|          0|
    |call_ret5_28_reg_4009                |   17|   0|   17|          0|
    |call_ret5_28_reg_4009_pp0_iter2_reg  |   17|   0|   17|          0|
    |call_ret5_29_reg_4019                |   17|   0|   17|          0|
    |call_ret5_29_reg_4019_pp0_iter2_reg  |   17|   0|   17|          0|
    |call_ret5_2_reg_3729                 |   17|   0|   17|          0|
    |call_ret5_30_reg_4029                |   17|   0|   17|          0|
    |call_ret5_30_reg_4029_pp0_iter2_reg  |   17|   0|   17|          0|
    |call_ret5_31_reg_4039                |   17|   0|   17|          0|
    |call_ret5_31_reg_4039_pp0_iter2_reg  |   17|   0|   17|          0|
    |call_ret5_32_reg_4049                |   17|   0|   17|          0|
    |call_ret5_32_reg_4049_pp0_iter2_reg  |   17|   0|   17|          0|
    |call_ret5_33_reg_4059                |   17|   0|   17|          0|
    |call_ret5_33_reg_4059_pp0_iter2_reg  |   17|   0|   17|          0|
    |call_ret5_34_reg_4069                |   17|   0|   17|          0|
    |call_ret5_34_reg_4069_pp0_iter2_reg  |   17|   0|   17|          0|
    |call_ret5_35_reg_4079                |   17|   0|   17|          0|
    |call_ret5_35_reg_4079_pp0_iter2_reg  |   17|   0|   17|          0|
    |call_ret5_36_reg_4089                |   17|   0|   17|          0|
    |call_ret5_36_reg_4089_pp0_iter2_reg  |   17|   0|   17|          0|
    |call_ret5_37_reg_4099                |   17|   0|   17|          0|
    |call_ret5_38_reg_4109                |   17|   0|   17|          0|
    |call_ret5_39_reg_4119                |   17|   0|   17|          0|
    |call_ret5_3_reg_3739                 |   17|   0|   17|          0|
    |call_ret5_40_reg_4129                |   17|   0|   17|          0|
    |call_ret5_41_reg_4139                |   17|   0|   17|          0|
    |call_ret5_42_reg_4149                |   17|   0|   17|          0|
    |call_ret5_43_reg_4159                |   17|   0|   17|          0|
    |call_ret5_44_reg_4169                |   17|   0|   17|          0|
    |call_ret5_45_reg_4179                |   17|   0|   17|          0|
    |call_ret5_46_reg_4189                |   17|   0|   17|          0|
    |call_ret5_47_reg_4199                |   17|   0|   17|          0|
    |call_ret5_48_reg_4209                |   17|   0|   17|          0|
    |call_ret5_49_reg_4229                |   17|   0|   17|          0|
    |call_ret5_4_reg_3749                 |   17|   0|   17|          0|
    |call_ret5_50_reg_4239                |   17|   0|   17|          0|
    |call_ret5_51_reg_4249                |   17|   0|   17|          0|
    |call_ret5_52_reg_4259                |   17|   0|   17|          0|
    |call_ret5_53_reg_4269                |   17|   0|   17|          0|
    |call_ret5_54_reg_4279                |   17|   0|   17|          0|
    |call_ret5_55_reg_4289                |   17|   0|   17|          0|
    |call_ret5_56_reg_4299                |   17|   0|   17|          0|
    |call_ret5_57_reg_4309                |   17|   0|   17|          0|
    |call_ret5_58_reg_4319                |   17|   0|   17|          0|
    |call_ret5_59_reg_4329                |   17|   0|   17|          0|
    |call_ret5_5_reg_3759                 |   17|   0|   17|          0|
    |call_ret5_60_reg_4339                |   17|   0|   17|          0|
    |call_ret5_61_reg_4349                |   17|   0|   17|          0|
    |call_ret5_62_reg_4359                |   17|   0|   17|          0|
    |call_ret5_63_reg_4369                |   17|   0|   17|          0|
    |call_ret5_64_reg_4379                |   17|   0|   17|          0|
    |call_ret5_65_reg_4389                |   17|   0|   17|          0|
    |call_ret5_66_reg_4399                |   17|   0|   17|          0|
    |call_ret5_67_reg_4409                |   17|   0|   17|          0|
    |call_ret5_68_reg_4419                |   17|   0|   17|          0|
    |call_ret5_69_reg_4429                |   17|   0|   17|          0|
    |call_ret5_6_reg_3769                 |   17|   0|   17|          0|
    |call_ret5_70_reg_4439                |   17|   0|   17|          0|
    |call_ret5_71_reg_4449                |   17|   0|   17|          0|
    |call_ret5_72_reg_4459                |   17|   0|   17|          0|
    |call_ret5_73_reg_4469                |   17|   0|   17|          0|
    |call_ret5_74_reg_4489                |   17|   0|   17|          0|
    |call_ret5_75_reg_4499                |   17|   0|   17|          0|
    |call_ret5_76_reg_4509                |   17|   0|   17|          0|
    |call_ret5_77_reg_4519                |   17|   0|   17|          0|
    |call_ret5_78_reg_4529                |   17|   0|   17|          0|
    |call_ret5_79_reg_4539                |   17|   0|   17|          0|
    |call_ret5_7_reg_3779                 |   17|   0|   17|          0|
    |call_ret5_80_reg_4549                |   17|   0|   17|          0|
    |call_ret5_81_reg_4559                |   17|   0|   17|          0|
    |call_ret5_82_reg_4569                |   17|   0|   17|          0|
    |call_ret5_83_reg_4579                |   17|   0|   17|          0|
    |call_ret5_84_reg_4589                |   17|   0|   17|          0|
    |call_ret5_85_reg_4599                |   17|   0|   17|          0|
    |call_ret5_86_reg_4609                |   17|   0|   17|          0|
    |call_ret5_87_reg_4619                |   17|   0|   17|          0|
    |call_ret5_88_reg_4629                |   17|   0|   17|          0|
    |call_ret5_89_reg_4639                |   17|   0|   17|          0|
    |call_ret5_8_reg_3789                 |   17|   0|   17|          0|
    |call_ret5_90_reg_4649                |   17|   0|   17|          0|
    |call_ret5_91_reg_4659                |   17|   0|   17|          0|
    |call_ret5_92_reg_4669                |   17|   0|   17|          0|
    |call_ret5_93_reg_4679                |   17|   0|   17|          0|
    |call_ret5_94_reg_4689                |   17|   0|   17|          0|
    |call_ret5_95_reg_4699                |   17|   0|   17|          0|
    |call_ret5_96_reg_4709                |   17|   0|   17|          0|
    |call_ret5_97_reg_4719                |   17|   0|   17|          0|
    |call_ret5_98_reg_4729                |   17|   0|   17|          0|
    |call_ret5_9_reg_3799                 |   17|   0|   17|          0|
    |call_ret5_s_reg_3809                 |   17|   0|   17|          0|
    |call_ret_10_reg_3824                 |   17|   0|   17|          0|
    |call_ret_11_reg_3834                 |   17|   0|   17|          0|
    |call_ret_12_reg_3844                 |   17|   0|   17|          0|
    |call_ret_13_reg_3854                 |   17|   0|   17|          0|
    |call_ret_14_reg_3864                 |   17|   0|   17|          0|
    |call_ret_15_reg_3874                 |   17|   0|   17|          0|
    |call_ret_16_reg_3884                 |   17|   0|   17|          0|
    |call_ret_17_reg_3894                 |   17|   0|   17|          0|
    |call_ret_17_reg_3894_pp0_iter1_reg   |   17|   0|   17|          0|
    |call_ret_18_reg_3904                 |   17|   0|   17|          0|
    |call_ret_18_reg_3904_pp0_iter1_reg   |   17|   0|   17|          0|
    |call_ret_19_reg_3914                 |   17|   0|   17|          0|
    |call_ret_19_reg_3914_pp0_iter1_reg   |   17|   0|   17|          0|
    |call_ret_20_reg_3924                 |   17|   0|   17|          0|
    |call_ret_20_reg_3924_pp0_iter1_reg   |   17|   0|   17|          0|
    |call_ret_21_reg_3934                 |   17|   0|   17|          0|
    |call_ret_21_reg_3934_pp0_iter1_reg   |   17|   0|   17|          0|
    |call_ret_22_reg_3944                 |   17|   0|   17|          0|
    |call_ret_22_reg_3944_pp0_iter1_reg   |   17|   0|   17|          0|
    |call_ret_23_reg_3954                 |   17|   0|   17|          0|
    |call_ret_23_reg_3954_pp0_iter1_reg   |   17|   0|   17|          0|
    |call_ret_24_reg_3974                 |   17|   0|   17|          0|
    |call_ret_24_reg_3974_pp0_iter2_reg   |   17|   0|   17|          0|
    |call_ret_25_reg_3984                 |   17|   0|   17|          0|
    |call_ret_25_reg_3984_pp0_iter2_reg   |   17|   0|   17|          0|
    |call_ret_26_reg_3994                 |   17|   0|   17|          0|
    |call_ret_26_reg_3994_pp0_iter2_reg   |   17|   0|   17|          0|
    |call_ret_27_reg_4004                 |   17|   0|   17|          0|
    |call_ret_27_reg_4004_pp0_iter2_reg   |   17|   0|   17|          0|
    |call_ret_28_reg_4014                 |   17|   0|   17|          0|
    |call_ret_28_reg_4014_pp0_iter2_reg   |   17|   0|   17|          0|
    |call_ret_29_reg_4024                 |   17|   0|   17|          0|
    |call_ret_29_reg_4024_pp0_iter2_reg   |   17|   0|   17|          0|
    |call_ret_2_reg_3734                  |   17|   0|   17|          0|
    |call_ret_30_reg_4034                 |   17|   0|   17|          0|
    |call_ret_30_reg_4034_pp0_iter2_reg   |   17|   0|   17|          0|
    |call_ret_31_reg_4044                 |   17|   0|   17|          0|
    |call_ret_31_reg_4044_pp0_iter2_reg   |   17|   0|   17|          0|
    |call_ret_32_reg_4054                 |   17|   0|   17|          0|
    |call_ret_32_reg_4054_pp0_iter2_reg   |   17|   0|   17|          0|
    |call_ret_33_reg_4064                 |   17|   0|   17|          0|
    |call_ret_33_reg_4064_pp0_iter2_reg   |   17|   0|   17|          0|
    |call_ret_34_reg_4074                 |   17|   0|   17|          0|
    |call_ret_34_reg_4074_pp0_iter2_reg   |   17|   0|   17|          0|
    |call_ret_35_reg_4084                 |   17|   0|   17|          0|
    |call_ret_35_reg_4084_pp0_iter2_reg   |   17|   0|   17|          0|
    |call_ret_36_reg_4094                 |   17|   0|   17|          0|
    |call_ret_36_reg_4094_pp0_iter2_reg   |   17|   0|   17|          0|
    |call_ret_37_reg_4104                 |   17|   0|   17|          0|
    |call_ret_38_reg_4114                 |   17|   0|   17|          0|
    |call_ret_39_reg_4124                 |   17|   0|   17|          0|
    |call_ret_3_reg_3744                  |   17|   0|   17|          0|
    |call_ret_40_reg_4134                 |   17|   0|   17|          0|
    |call_ret_41_reg_4144                 |   17|   0|   17|          0|
    |call_ret_42_reg_4154                 |   17|   0|   17|          0|
    |call_ret_43_reg_4164                 |   17|   0|   17|          0|
    |call_ret_44_reg_4174                 |   17|   0|   17|          0|
    |call_ret_45_reg_4184                 |   17|   0|   17|          0|
    |call_ret_46_reg_4194                 |   17|   0|   17|          0|
    |call_ret_47_reg_4204                 |   17|   0|   17|          0|
    |call_ret_48_reg_4214                 |   17|   0|   17|          0|
    |call_ret_49_reg_4234                 |   17|   0|   17|          0|
    |call_ret_4_reg_3754                  |   17|   0|   17|          0|
    |call_ret_50_reg_4244                 |   17|   0|   17|          0|
    |call_ret_51_reg_4254                 |   17|   0|   17|          0|
    |call_ret_52_reg_4264                 |   17|   0|   17|          0|
    |call_ret_53_reg_4274                 |   17|   0|   17|          0|
    |call_ret_54_reg_4284                 |   17|   0|   17|          0|
    |call_ret_55_reg_4294                 |   17|   0|   17|          0|
    |call_ret_56_reg_4304                 |   17|   0|   17|          0|
    |call_ret_57_reg_4314                 |   17|   0|   17|          0|
    |call_ret_58_reg_4324                 |   17|   0|   17|          0|
    |call_ret_59_reg_4334                 |   17|   0|   17|          0|
    |call_ret_5_reg_3764                  |   17|   0|   17|          0|
    |call_ret_60_reg_4344                 |   17|   0|   17|          0|
    |call_ret_61_reg_4354                 |   17|   0|   17|          0|
    |call_ret_62_reg_4364                 |   17|   0|   17|          0|
    |call_ret_63_reg_4374                 |   17|   0|   17|          0|
    |call_ret_64_reg_4384                 |   17|   0|   17|          0|
    |call_ret_65_reg_4394                 |   17|   0|   17|          0|
    |call_ret_66_reg_4404                 |   17|   0|   17|          0|
    |call_ret_67_reg_4414                 |   17|   0|   17|          0|
    |call_ret_68_reg_4424                 |   17|   0|   17|          0|
    |call_ret_69_reg_4434                 |   17|   0|   17|          0|
    |call_ret_6_reg_3774                  |   17|   0|   17|          0|
    |call_ret_70_reg_4444                 |   17|   0|   17|          0|
    |call_ret_71_reg_4454                 |   17|   0|   17|          0|
    |call_ret_72_reg_4464                 |   17|   0|   17|          0|
    |call_ret_73_reg_4474                 |   17|   0|   17|          0|
    |call_ret_74_reg_4494                 |   17|   0|   17|          0|
    |call_ret_75_reg_4504                 |   17|   0|   17|          0|
    |call_ret_76_reg_4514                 |   17|   0|   17|          0|
    |call_ret_77_reg_4524                 |   17|   0|   17|          0|
    |call_ret_78_reg_4534                 |   17|   0|   17|          0|
    |call_ret_79_reg_4544                 |   17|   0|   17|          0|
    |call_ret_7_reg_3784                  |   17|   0|   17|          0|
    |call_ret_80_reg_4554                 |   17|   0|   17|          0|
    |call_ret_81_reg_4564                 |   17|   0|   17|          0|
    |call_ret_82_reg_4574                 |   17|   0|   17|          0|
    |call_ret_83_reg_4584                 |   17|   0|   17|          0|
    |call_ret_84_reg_4594                 |   17|   0|   17|          0|
    |call_ret_85_reg_4604                 |   17|   0|   17|          0|
    |call_ret_86_reg_4614                 |   17|   0|   17|          0|
    |call_ret_87_reg_4624                 |   17|   0|   17|          0|
    |call_ret_88_reg_4634                 |   17|   0|   17|          0|
    |call_ret_89_reg_4644                 |   17|   0|   17|          0|
    |call_ret_8_reg_3794                  |   17|   0|   17|          0|
    |call_ret_90_reg_4654                 |   17|   0|   17|          0|
    |call_ret_91_reg_4664                 |   17|   0|   17|          0|
    |call_ret_92_reg_4674                 |   17|   0|   17|          0|
    |call_ret_93_reg_4684                 |   17|   0|   17|          0|
    |call_ret_94_reg_4694                 |   17|   0|   17|          0|
    |call_ret_95_reg_4704                 |   17|   0|   17|          0|
    |call_ret_96_reg_4714                 |   17|   0|   17|          0|
    |call_ret_97_reg_4724                 |   17|   0|   17|          0|
    |call_ret_98_reg_4734                 |   17|   0|   17|          0|
    |call_ret_9_reg_3804                  |   17|   0|   17|          0|
    |call_ret_s_reg_3814                  |   17|   0|   17|          0|
    |grp_ProjX_fu_1712_ap_start_reg       |    1|   0|    1|          0|
    |grp_ProjX_fu_1722_ap_start_reg       |    1|   0|    1|          0|
    |grp_ProjX_fu_1732_ap_start_reg       |    1|   0|    1|          0|
    |grp_ProjX_fu_1742_ap_start_reg       |    1|   0|    1|          0|
    |grp_ProjX_fu_1752_ap_start_reg       |    1|   0|    1|          0|
    |grp_ProjX_fu_1762_ap_start_reg       |    1|   0|    1|          0|
    |grp_ProjX_fu_1772_ap_start_reg       |    1|   0|    1|          0|
    |grp_ProjX_fu_1782_ap_start_reg       |    1|   0|    1|          0|
    |grp_ProjX_fu_1792_ap_start_reg       |    1|   0|    1|          0|
    |grp_ProjX_fu_1802_ap_start_reg       |    1|   0|    1|          0|
    |grp_ProjX_fu_1812_ap_start_reg       |    1|   0|    1|          0|
    |grp_ProjX_fu_1822_ap_start_reg       |    1|   0|    1|          0|
    |grp_ProjX_fu_1832_ap_start_reg       |    1|   0|    1|          0|
    |grp_ProjX_fu_1842_ap_start_reg       |    1|   0|    1|          0|
    |grp_ProjX_fu_1852_ap_start_reg       |    1|   0|    1|          0|
    |grp_ProjX_fu_1862_ap_start_reg       |    1|   0|    1|          0|
    |grp_ProjX_fu_1872_ap_start_reg       |    1|   0|    1|          0|
    |grp_ProjX_fu_1882_ap_start_reg       |    1|   0|    1|          0|
    |grp_ProjX_fu_1892_ap_start_reg       |    1|   0|    1|          0|
    |grp_ProjX_fu_1902_ap_start_reg       |    1|   0|    1|          0|
    |grp_ProjX_fu_1912_ap_start_reg       |    1|   0|    1|          0|
    |grp_ProjX_fu_1922_ap_start_reg       |    1|   0|    1|          0|
    |grp_ProjX_fu_1932_ap_start_reg       |    1|   0|    1|          0|
    |grp_ProjX_fu_1942_ap_start_reg       |    1|   0|    1|          0|
    |grp_ProjX_fu_1952_ap_start_reg       |    1|   0|    1|          0|
    |grp_ProjY_fu_2112_ap_start_reg       |    1|   0|    1|          0|
    |grp_ProjY_fu_2122_ap_start_reg       |    1|   0|    1|          0|
    |grp_ProjY_fu_2132_ap_start_reg       |    1|   0|    1|          0|
    |grp_ProjY_fu_2142_ap_start_reg       |    1|   0|    1|          0|
    |grp_ProjY_fu_2152_ap_start_reg       |    1|   0|    1|          0|
    |grp_ProjY_fu_2162_ap_start_reg       |    1|   0|    1|          0|
    |grp_ProjY_fu_2172_ap_start_reg       |    1|   0|    1|          0|
    |grp_ProjY_fu_2182_ap_start_reg       |    1|   0|    1|          0|
    |grp_ProjY_fu_2192_ap_start_reg       |    1|   0|    1|          0|
    |grp_ProjY_fu_2202_ap_start_reg       |    1|   0|    1|          0|
    |grp_ProjY_fu_2212_ap_start_reg       |    1|   0|    1|          0|
    |grp_ProjY_fu_2222_ap_start_reg       |    1|   0|    1|          0|
    |grp_ProjY_fu_2232_ap_start_reg       |    1|   0|    1|          0|
    |grp_ProjY_fu_2242_ap_start_reg       |    1|   0|    1|          0|
    |grp_ProjY_fu_2252_ap_start_reg       |    1|   0|    1|          0|
    |grp_ProjY_fu_2262_ap_start_reg       |    1|   0|    1|          0|
    |grp_ProjY_fu_2272_ap_start_reg       |    1|   0|    1|          0|
    |grp_ProjY_fu_2282_ap_start_reg       |    1|   0|    1|          0|
    |grp_ProjY_fu_2292_ap_start_reg       |    1|   0|    1|          0|
    |grp_ProjY_fu_2302_ap_start_reg       |    1|   0|    1|          0|
    |grp_ProjY_fu_2312_ap_start_reg       |    1|   0|    1|          0|
    |grp_ProjY_fu_2322_ap_start_reg       |    1|   0|    1|          0|
    |grp_ProjY_fu_2332_ap_start_reg       |    1|   0|    1|          0|
    |grp_ProjY_fu_2342_ap_start_reg       |    1|   0|    1|          0|
    |grp_ProjY_fu_2352_ap_start_reg       |    1|   0|    1|          0|
    |icmp_ln249_reg_4996                  |    1|   0|    1|          0|
    |icmp_ln249_reg_4996_pp0_iter8_reg    |    1|   0|    1|          0|
    |icmp_ln891_reg_5007                  |    1|   0|    1|          0|
    |icmp_ln895_1_reg_5017                |    1|   0|    1|          0|
    |icmp_ln895_2_reg_5022                |    1|   0|    1|          0|
    |icmp_ln895_2_reg_5022_pp0_iter8_reg  |    1|   0|    1|          0|
    |icmp_ln895_3_reg_5037                |    1|   0|    1|          0|
    |mul_ln214_1_reg_4991                 |   32|   0|   32|          0|
    |select_ln262_reg_5002                |   16|   0|   16|          0|
    |select_ln273_reg_5052                |    9|   0|    9|          0|
    |select_ln887_reg_5057                |   10|   0|   10|          0|
    |select_ln891_reg_5032                |   16|   0|   16|          0|
    |sub_ln701_106_reg_4829               |   17|   0|   17|          0|
    |sub_ln701_107_reg_4834               |   17|   0|   17|          0|
    |sub_ln701_10_reg_3959                |   17|   0|   17|          0|
    |sub_ln701_114_reg_4839               |   17|   0|   17|          0|
    |sub_ln701_115_reg_4844               |   17|   0|   17|          0|
    |sub_ln701_11_reg_3964                |   17|   0|   17|          0|
    |sub_ln701_122_reg_4849               |   17|   0|   17|          0|
    |sub_ln701_123_reg_4854               |   17|   0|   17|          0|
    |sub_ln701_130_reg_4859               |   17|   0|   17|          0|
    |sub_ln701_131_reg_4864               |   17|   0|   17|          0|
    |sub_ln701_138_reg_4869               |   17|   0|   17|          0|
    |sub_ln701_139_reg_4874               |   17|   0|   17|          0|
    |sub_ln701_146_reg_4879               |   17|   0|   17|          0|
    |sub_ln701_147_reg_4884               |   17|   0|   17|          0|
    |sub_ln701_154_reg_4889               |   17|   0|   17|          0|
    |sub_ln701_155_reg_4894               |   17|   0|   17|          0|
    |sub_ln701_162_reg_4899               |   17|   0|   17|          0|
    |sub_ln701_163_reg_4904               |   17|   0|   17|          0|
    |sub_ln701_170_reg_4909               |   17|   0|   17|          0|
    |sub_ln701_171_reg_4914               |   17|   0|   17|          0|
    |sub_ln701_178_reg_4919               |   17|   0|   17|          0|
    |sub_ln701_179_reg_4924               |   17|   0|   17|          0|
    |sub_ln701_186_reg_4929               |   17|   0|   17|          0|
    |sub_ln701_187_reg_4934               |   17|   0|   17|          0|
    |sub_ln701_18_reg_4219                |   17|   0|   17|          0|
    |sub_ln701_194_reg_4939               |   17|   0|   17|          0|
    |sub_ln701_195_reg_4944               |   17|   0|   17|          0|
    |sub_ln701_198_reg_4949               |   17|   0|   17|          0|
    |sub_ln701_199_reg_4956               |   17|   0|   17|          0|
    |sub_ln701_19_reg_4224                |   17|   0|   17|          0|
    |sub_ln701_26_reg_4479                |   17|   0|   17|          0|
    |sub_ln701_27_reg_4484                |   17|   0|   17|          0|
    |sub_ln701_2_reg_3719                 |   17|   0|   17|          0|
    |sub_ln701_34_reg_4739                |   17|   0|   17|          0|
    |sub_ln701_35_reg_4744                |   17|   0|   17|          0|
    |sub_ln701_3_reg_3724                 |   17|   0|   17|          0|
    |sub_ln701_42_reg_4749                |   17|   0|   17|          0|
    |sub_ln701_43_reg_4754                |   17|   0|   17|          0|
    |sub_ln701_50_reg_4759                |   17|   0|   17|          0|
    |sub_ln701_51_reg_4764                |   17|   0|   17|          0|
    |sub_ln701_58_reg_4769                |   17|   0|   17|          0|
    |sub_ln701_59_reg_4774                |   17|   0|   17|          0|
    |sub_ln701_66_reg_4779                |   17|   0|   17|          0|
    |sub_ln701_67_reg_4784                |   17|   0|   17|          0|
    |sub_ln701_74_reg_4789                |   17|   0|   17|          0|
    |sub_ln701_75_reg_4794                |   17|   0|   17|          0|
    |sub_ln701_82_reg_4799                |   17|   0|   17|          0|
    |sub_ln701_83_reg_4804                |   17|   0|   17|          0|
    |sub_ln701_90_reg_4809                |   17|   0|   17|          0|
    |sub_ln701_91_reg_4814                |   17|   0|   17|          0|
    |sub_ln701_98_reg_4819                |   17|   0|   17|          0|
    |sub_ln701_99_reg_4824                |   17|   0|   17|          0|
    |tmp_1_reg_4977                       |    1|   0|    1|          0|
    |tmp_1_reg_4977_pp0_iter8_reg         |    1|   0|    1|          0|
    |tmp_reg_4963                         |    1|   0|    1|          0|
    |tmp_reg_4963_pp0_iter8_reg           |    1|   0|    1|          0|
    |x_V_3_reg_4969                       |   16|   0|   16|          0|
    |call_ret5_37_reg_4099                |   64|  32|   17|          0|
    |call_ret5_38_reg_4109                |   64|  32|   17|          0|
    |call_ret5_39_reg_4119                |   64|  32|   17|          0|
    |call_ret5_40_reg_4129                |   64|  32|   17|          0|
    |call_ret5_41_reg_4139                |   64|  32|   17|          0|
    |call_ret5_42_reg_4149                |   64|  32|   17|          0|
    |call_ret5_43_reg_4159                |   64|  32|   17|          0|
    |call_ret5_44_reg_4169                |   64|  32|   17|          0|
    |call_ret5_45_reg_4179                |   64|  32|   17|          0|
    |call_ret5_46_reg_4189                |   64|  32|   17|          0|
    |call_ret5_47_reg_4199                |   64|  32|   17|          0|
    |call_ret5_48_reg_4209                |   64|  32|   17|          0|
    |call_ret5_49_reg_4229                |   64|  32|   17|          0|
    |call_ret5_50_reg_4239                |   64|  32|   17|          0|
    |call_ret5_51_reg_4249                |   64|  32|   17|          0|
    |call_ret5_52_reg_4259                |   64|  32|   17|          0|
    |call_ret5_53_reg_4269                |   64|  32|   17|          0|
    |call_ret5_54_reg_4279                |   64|  32|   17|          0|
    |call_ret5_55_reg_4289                |   64|  32|   17|          0|
    |call_ret5_56_reg_4299                |   64|  32|   17|          0|
    |call_ret5_57_reg_4309                |   64|  32|   17|          0|
    |call_ret5_58_reg_4319                |   64|  32|   17|          0|
    |call_ret5_59_reg_4329                |   64|  32|   17|          0|
    |call_ret5_60_reg_4339                |   64|  32|   17|          0|
    |call_ret5_61_reg_4349                |   64|  32|   17|          0|
    |call_ret5_62_reg_4359                |   64|  32|   17|          0|
    |call_ret5_63_reg_4369                |   64|  32|   17|          0|
    |call_ret5_64_reg_4379                |   64|  32|   17|          0|
    |call_ret5_65_reg_4389                |   64|  32|   17|          0|
    |call_ret5_66_reg_4399                |   64|  32|   17|          0|
    |call_ret5_67_reg_4409                |   64|  32|   17|          0|
    |call_ret5_68_reg_4419                |   64|  32|   17|          0|
    |call_ret5_69_reg_4429                |   64|  32|   17|          0|
    |call_ret5_70_reg_4439                |   64|  32|   17|          0|
    |call_ret5_71_reg_4449                |   64|  32|   17|          0|
    |call_ret5_72_reg_4459                |   64|  32|   17|          0|
    |call_ret5_73_reg_4469                |   64|  32|   17|          0|
    |call_ret5_74_reg_4489                |   64|  32|   17|          0|
    |call_ret5_75_reg_4499                |   64|  32|   17|          0|
    |call_ret5_76_reg_4509                |   64|  32|   17|          0|
    |call_ret5_77_reg_4519                |   64|  32|   17|          0|
    |call_ret5_78_reg_4529                |   64|  32|   17|          0|
    |call_ret5_79_reg_4539                |   64|  32|   17|          0|
    |call_ret5_80_reg_4549                |   64|  32|   17|          0|
    |call_ret5_81_reg_4559                |   64|  32|   17|          0|
    |call_ret5_82_reg_4569                |   64|  32|   17|          0|
    |call_ret5_83_reg_4579                |   64|  32|   17|          0|
    |call_ret5_84_reg_4589                |   64|  32|   17|          0|
    |call_ret5_85_reg_4599                |   64|  32|   17|          0|
    |call_ret5_86_reg_4609                |   64|  32|   17|          0|
    |call_ret5_87_reg_4619                |   64|  32|   17|          0|
    |call_ret5_88_reg_4629                |   64|  32|   17|          0|
    |call_ret5_89_reg_4639                |   64|  32|   17|          0|
    |call_ret5_90_reg_4649                |   64|  32|   17|          0|
    |call_ret5_91_reg_4659                |   64|  32|   17|          0|
    |call_ret5_92_reg_4669                |   64|  32|   17|          0|
    |call_ret5_93_reg_4679                |   64|  32|   17|          0|
    |call_ret5_94_reg_4689                |   64|  32|   17|          0|
    |call_ret5_95_reg_4699                |   64|  32|   17|          0|
    |call_ret5_96_reg_4709                |   64|  32|   17|          0|
    |call_ret5_97_reg_4719                |   64|  32|   17|          0|
    |call_ret5_98_reg_4729                |   64|  32|   17|          0|
    |call_ret_37_reg_4104                 |   64|  32|   17|          0|
    |call_ret_38_reg_4114                 |   64|  32|   17|          0|
    |call_ret_39_reg_4124                 |   64|  32|   17|          0|
    |call_ret_40_reg_4134                 |   64|  32|   17|          0|
    |call_ret_41_reg_4144                 |   64|  32|   17|          0|
    |call_ret_42_reg_4154                 |   64|  32|   17|          0|
    |call_ret_43_reg_4164                 |   64|  32|   17|          0|
    |call_ret_44_reg_4174                 |   64|  32|   17|          0|
    |call_ret_45_reg_4184                 |   64|  32|   17|          0|
    |call_ret_46_reg_4194                 |   64|  32|   17|          0|
    |call_ret_47_reg_4204                 |   64|  32|   17|          0|
    |call_ret_48_reg_4214                 |   64|  32|   17|          0|
    |call_ret_49_reg_4234                 |   64|  32|   17|          0|
    |call_ret_50_reg_4244                 |   64|  32|   17|          0|
    |call_ret_51_reg_4254                 |   64|  32|   17|          0|
    |call_ret_52_reg_4264                 |   64|  32|   17|          0|
    |call_ret_53_reg_4274                 |   64|  32|   17|          0|
    |call_ret_54_reg_4284                 |   64|  32|   17|          0|
    |call_ret_55_reg_4294                 |   64|  32|   17|          0|
    |call_ret_56_reg_4304                 |   64|  32|   17|          0|
    |call_ret_57_reg_4314                 |   64|  32|   17|          0|
    |call_ret_58_reg_4324                 |   64|  32|   17|          0|
    |call_ret_59_reg_4334                 |   64|  32|   17|          0|
    |call_ret_60_reg_4344                 |   64|  32|   17|          0|
    |call_ret_61_reg_4354                 |   64|  32|   17|          0|
    |call_ret_62_reg_4364                 |   64|  32|   17|          0|
    |call_ret_63_reg_4374                 |   64|  32|   17|          0|
    |call_ret_64_reg_4384                 |   64|  32|   17|          0|
    |call_ret_65_reg_4394                 |   64|  32|   17|          0|
    |call_ret_66_reg_4404                 |   64|  32|   17|          0|
    |call_ret_67_reg_4414                 |   64|  32|   17|          0|
    |call_ret_68_reg_4424                 |   64|  32|   17|          0|
    |call_ret_69_reg_4434                 |   64|  32|   17|          0|
    |call_ret_70_reg_4444                 |   64|  32|   17|          0|
    |call_ret_71_reg_4454                 |   64|  32|   17|          0|
    |call_ret_72_reg_4464                 |   64|  32|   17|          0|
    |call_ret_73_reg_4474                 |   64|  32|   17|          0|
    |call_ret_74_reg_4494                 |   64|  32|   17|          0|
    |call_ret_75_reg_4504                 |   64|  32|   17|          0|
    |call_ret_76_reg_4514                 |   64|  32|   17|          0|
    |call_ret_77_reg_4524                 |   64|  32|   17|          0|
    |call_ret_78_reg_4534                 |   64|  32|   17|          0|
    |call_ret_79_reg_4544                 |   64|  32|   17|          0|
    |call_ret_80_reg_4554                 |   64|  32|   17|          0|
    |call_ret_81_reg_4564                 |   64|  32|   17|          0|
    |call_ret_82_reg_4574                 |   64|  32|   17|          0|
    |call_ret_83_reg_4584                 |   64|  32|   17|          0|
    |call_ret_84_reg_4594                 |   64|  32|   17|          0|
    |call_ret_85_reg_4604                 |   64|  32|   17|          0|
    |call_ret_86_reg_4614                 |   64|  32|   17|          0|
    |call_ret_87_reg_4624                 |   64|  32|   17|          0|
    |call_ret_88_reg_4634                 |   64|  32|   17|          0|
    |call_ret_89_reg_4644                 |   64|  32|   17|          0|
    |call_ret_90_reg_4654                 |   64|  32|   17|          0|
    |call_ret_91_reg_4664                 |   64|  32|   17|          0|
    |call_ret_92_reg_4674                 |   64|  32|   17|          0|
    |call_ret_93_reg_4684                 |   64|  32|   17|          0|
    |call_ret_94_reg_4694                 |   64|  32|   17|          0|
    |call_ret_95_reg_4704                 |   64|  32|   17|          0|
    |call_ret_96_reg_4714                 |   64|  32|   17|          0|
    |call_ret_97_reg_4724                 |   64|  32|   17|          0|
    |call_ret_98_reg_4734                 |   64|  32|   17|          0|
    +-------------------------------------+-----+----+-----+-----------+
    |Total                                |13069|3968| 7241|          0|
    +-------------------------------------+-----+----+-----+-----------+



================================================================
== Interface
================================================================
* Summary: 
+------------------+-----+-----+------------+---------------+--------------+
|     RTL Ports    | Dir | Bits|  Protocol  | Source Object |    C Type    |
+------------------+-----+-----+------------+---------------+--------------+
|ap_clk            |  in |    1| ap_ctrl_hs |     met_hw    | return value |
|ap_rst            |  in |    1| ap_ctrl_hs |     met_hw    | return value |
|ap_start          |  in |    1| ap_ctrl_hs |     met_hw    | return value |
|ap_done           | out |    1| ap_ctrl_hs |     met_hw    | return value |
|ap_idle           | out |    1| ap_ctrl_hs |     met_hw    | return value |
|ap_ready          | out |    1| ap_ctrl_hs |     met_hw    | return value |
|data_pt_0_V       |  in |   16|   ap_none  |  data_pt_0_V  |    pointer   |
|data_pt_1_V       |  in |   16|   ap_none  |  data_pt_1_V  |    pointer   |
|data_pt_2_V       |  in |   16|   ap_none  |  data_pt_2_V  |    pointer   |
|data_pt_3_V       |  in |   16|   ap_none  |  data_pt_3_V  |    pointer   |
|data_pt_4_V       |  in |   16|   ap_none  |  data_pt_4_V  |    pointer   |
|data_pt_5_V       |  in |   16|   ap_none  |  data_pt_5_V  |    pointer   |
|data_pt_6_V       |  in |   16|   ap_none  |  data_pt_6_V  |    pointer   |
|data_pt_7_V       |  in |   16|   ap_none  |  data_pt_7_V  |    pointer   |
|data_pt_8_V       |  in |   16|   ap_none  |  data_pt_8_V  |    pointer   |
|data_pt_9_V       |  in |   16|   ap_none  |  data_pt_9_V  |    pointer   |
|data_pt_10_V      |  in |   16|   ap_none  |  data_pt_10_V |    pointer   |
|data_pt_11_V      |  in |   16|   ap_none  |  data_pt_11_V |    pointer   |
|data_pt_12_V      |  in |   16|   ap_none  |  data_pt_12_V |    pointer   |
|data_pt_13_V      |  in |   16|   ap_none  |  data_pt_13_V |    pointer   |
|data_pt_14_V      |  in |   16|   ap_none  |  data_pt_14_V |    pointer   |
|data_pt_15_V      |  in |   16|   ap_none  |  data_pt_15_V |    pointer   |
|data_pt_16_V      |  in |   16|   ap_none  |  data_pt_16_V |    pointer   |
|data_pt_17_V      |  in |   16|   ap_none  |  data_pt_17_V |    pointer   |
|data_pt_18_V      |  in |   16|   ap_none  |  data_pt_18_V |    pointer   |
|data_pt_19_V      |  in |   16|   ap_none  |  data_pt_19_V |    pointer   |
|data_pt_20_V      |  in |   16|   ap_none  |  data_pt_20_V |    pointer   |
|data_pt_21_V      |  in |   16|   ap_none  |  data_pt_21_V |    pointer   |
|data_pt_22_V      |  in |   16|   ap_none  |  data_pt_22_V |    pointer   |
|data_pt_23_V      |  in |   16|   ap_none  |  data_pt_23_V |    pointer   |
|data_pt_24_V      |  in |   16|   ap_none  |  data_pt_24_V |    pointer   |
|data_pt_25_V      |  in |   16|   ap_none  |  data_pt_25_V |    pointer   |
|data_pt_26_V      |  in |   16|   ap_none  |  data_pt_26_V |    pointer   |
|data_pt_27_V      |  in |   16|   ap_none  |  data_pt_27_V |    pointer   |
|data_pt_28_V      |  in |   16|   ap_none  |  data_pt_28_V |    pointer   |
|data_pt_29_V      |  in |   16|   ap_none  |  data_pt_29_V |    pointer   |
|data_pt_30_V      |  in |   16|   ap_none  |  data_pt_30_V |    pointer   |
|data_pt_31_V      |  in |   16|   ap_none  |  data_pt_31_V |    pointer   |
|data_pt_32_V      |  in |   16|   ap_none  |  data_pt_32_V |    pointer   |
|data_pt_33_V      |  in |   16|   ap_none  |  data_pt_33_V |    pointer   |
|data_pt_34_V      |  in |   16|   ap_none  |  data_pt_34_V |    pointer   |
|data_pt_35_V      |  in |   16|   ap_none  |  data_pt_35_V |    pointer   |
|data_pt_36_V      |  in |   16|   ap_none  |  data_pt_36_V |    pointer   |
|data_pt_37_V      |  in |   16|   ap_none  |  data_pt_37_V |    pointer   |
|data_pt_38_V      |  in |   16|   ap_none  |  data_pt_38_V |    pointer   |
|data_pt_39_V      |  in |   16|   ap_none  |  data_pt_39_V |    pointer   |
|data_pt_40_V      |  in |   16|   ap_none  |  data_pt_40_V |    pointer   |
|data_pt_41_V      |  in |   16|   ap_none  |  data_pt_41_V |    pointer   |
|data_pt_42_V      |  in |   16|   ap_none  |  data_pt_42_V |    pointer   |
|data_pt_43_V      |  in |   16|   ap_none  |  data_pt_43_V |    pointer   |
|data_pt_44_V      |  in |   16|   ap_none  |  data_pt_44_V |    pointer   |
|data_pt_45_V      |  in |   16|   ap_none  |  data_pt_45_V |    pointer   |
|data_pt_46_V      |  in |   16|   ap_none  |  data_pt_46_V |    pointer   |
|data_pt_47_V      |  in |   16|   ap_none  |  data_pt_47_V |    pointer   |
|data_pt_48_V      |  in |   16|   ap_none  |  data_pt_48_V |    pointer   |
|data_pt_49_V      |  in |   16|   ap_none  |  data_pt_49_V |    pointer   |
|data_pt_50_V      |  in |   16|   ap_none  |  data_pt_50_V |    pointer   |
|data_pt_51_V      |  in |   16|   ap_none  |  data_pt_51_V |    pointer   |
|data_pt_52_V      |  in |   16|   ap_none  |  data_pt_52_V |    pointer   |
|data_pt_53_V      |  in |   16|   ap_none  |  data_pt_53_V |    pointer   |
|data_pt_54_V      |  in |   16|   ap_none  |  data_pt_54_V |    pointer   |
|data_pt_55_V      |  in |   16|   ap_none  |  data_pt_55_V |    pointer   |
|data_pt_56_V      |  in |   16|   ap_none  |  data_pt_56_V |    pointer   |
|data_pt_57_V      |  in |   16|   ap_none  |  data_pt_57_V |    pointer   |
|data_pt_58_V      |  in |   16|   ap_none  |  data_pt_58_V |    pointer   |
|data_pt_59_V      |  in |   16|   ap_none  |  data_pt_59_V |    pointer   |
|data_pt_60_V      |  in |   16|   ap_none  |  data_pt_60_V |    pointer   |
|data_pt_61_V      |  in |   16|   ap_none  |  data_pt_61_V |    pointer   |
|data_pt_62_V      |  in |   16|   ap_none  |  data_pt_62_V |    pointer   |
|data_pt_63_V      |  in |   16|   ap_none  |  data_pt_63_V |    pointer   |
|data_pt_64_V      |  in |   16|   ap_none  |  data_pt_64_V |    pointer   |
|data_pt_65_V      |  in |   16|   ap_none  |  data_pt_65_V |    pointer   |
|data_pt_66_V      |  in |   16|   ap_none  |  data_pt_66_V |    pointer   |
|data_pt_67_V      |  in |   16|   ap_none  |  data_pt_67_V |    pointer   |
|data_pt_68_V      |  in |   16|   ap_none  |  data_pt_68_V |    pointer   |
|data_pt_69_V      |  in |   16|   ap_none  |  data_pt_69_V |    pointer   |
|data_pt_70_V      |  in |   16|   ap_none  |  data_pt_70_V |    pointer   |
|data_pt_71_V      |  in |   16|   ap_none  |  data_pt_71_V |    pointer   |
|data_pt_72_V      |  in |   16|   ap_none  |  data_pt_72_V |    pointer   |
|data_pt_73_V      |  in |   16|   ap_none  |  data_pt_73_V |    pointer   |
|data_pt_74_V      |  in |   16|   ap_none  |  data_pt_74_V |    pointer   |
|data_pt_75_V      |  in |   16|   ap_none  |  data_pt_75_V |    pointer   |
|data_pt_76_V      |  in |   16|   ap_none  |  data_pt_76_V |    pointer   |
|data_pt_77_V      |  in |   16|   ap_none  |  data_pt_77_V |    pointer   |
|data_pt_78_V      |  in |   16|   ap_none  |  data_pt_78_V |    pointer   |
|data_pt_79_V      |  in |   16|   ap_none  |  data_pt_79_V |    pointer   |
|data_pt_80_V      |  in |   16|   ap_none  |  data_pt_80_V |    pointer   |
|data_pt_81_V      |  in |   16|   ap_none  |  data_pt_81_V |    pointer   |
|data_pt_82_V      |  in |   16|   ap_none  |  data_pt_82_V |    pointer   |
|data_pt_83_V      |  in |   16|   ap_none  |  data_pt_83_V |    pointer   |
|data_pt_84_V      |  in |   16|   ap_none  |  data_pt_84_V |    pointer   |
|data_pt_85_V      |  in |   16|   ap_none  |  data_pt_85_V |    pointer   |
|data_pt_86_V      |  in |   16|   ap_none  |  data_pt_86_V |    pointer   |
|data_pt_87_V      |  in |   16|   ap_none  |  data_pt_87_V |    pointer   |
|data_pt_88_V      |  in |   16|   ap_none  |  data_pt_88_V |    pointer   |
|data_pt_89_V      |  in |   16|   ap_none  |  data_pt_89_V |    pointer   |
|data_pt_90_V      |  in |   16|   ap_none  |  data_pt_90_V |    pointer   |
|data_pt_91_V      |  in |   16|   ap_none  |  data_pt_91_V |    pointer   |
|data_pt_92_V      |  in |   16|   ap_none  |  data_pt_92_V |    pointer   |
|data_pt_93_V      |  in |   16|   ap_none  |  data_pt_93_V |    pointer   |
|data_pt_94_V      |  in |   16|   ap_none  |  data_pt_94_V |    pointer   |
|data_pt_95_V      |  in |   16|   ap_none  |  data_pt_95_V |    pointer   |
|data_pt_96_V      |  in |   16|   ap_none  |  data_pt_96_V |    pointer   |
|data_pt_97_V      |  in |   16|   ap_none  |  data_pt_97_V |    pointer   |
|data_pt_98_V      |  in |   16|   ap_none  |  data_pt_98_V |    pointer   |
|data_pt_99_V      |  in |   16|   ap_none  |  data_pt_99_V |    pointer   |
|data_phi_0_V      |  in |   10|   ap_none  |  data_phi_0_V |    pointer   |
|data_phi_1_V      |  in |   10|   ap_none  |  data_phi_1_V |    pointer   |
|data_phi_2_V      |  in |   10|   ap_none  |  data_phi_2_V |    pointer   |
|data_phi_3_V      |  in |   10|   ap_none  |  data_phi_3_V |    pointer   |
|data_phi_4_V      |  in |   10|   ap_none  |  data_phi_4_V |    pointer   |
|data_phi_5_V      |  in |   10|   ap_none  |  data_phi_5_V |    pointer   |
|data_phi_6_V      |  in |   10|   ap_none  |  data_phi_6_V |    pointer   |
|data_phi_7_V      |  in |   10|   ap_none  |  data_phi_7_V |    pointer   |
|data_phi_8_V      |  in |   10|   ap_none  |  data_phi_8_V |    pointer   |
|data_phi_9_V      |  in |   10|   ap_none  |  data_phi_9_V |    pointer   |
|data_phi_10_V     |  in |   10|   ap_none  | data_phi_10_V |    pointer   |
|data_phi_11_V     |  in |   10|   ap_none  | data_phi_11_V |    pointer   |
|data_phi_12_V     |  in |   10|   ap_none  | data_phi_12_V |    pointer   |
|data_phi_13_V     |  in |   10|   ap_none  | data_phi_13_V |    pointer   |
|data_phi_14_V     |  in |   10|   ap_none  | data_phi_14_V |    pointer   |
|data_phi_15_V     |  in |   10|   ap_none  | data_phi_15_V |    pointer   |
|data_phi_16_V     |  in |   10|   ap_none  | data_phi_16_V |    pointer   |
|data_phi_17_V     |  in |   10|   ap_none  | data_phi_17_V |    pointer   |
|data_phi_18_V     |  in |   10|   ap_none  | data_phi_18_V |    pointer   |
|data_phi_19_V     |  in |   10|   ap_none  | data_phi_19_V |    pointer   |
|data_phi_20_V     |  in |   10|   ap_none  | data_phi_20_V |    pointer   |
|data_phi_21_V     |  in |   10|   ap_none  | data_phi_21_V |    pointer   |
|data_phi_22_V     |  in |   10|   ap_none  | data_phi_22_V |    pointer   |
|data_phi_23_V     |  in |   10|   ap_none  | data_phi_23_V |    pointer   |
|data_phi_24_V     |  in |   10|   ap_none  | data_phi_24_V |    pointer   |
|data_phi_25_V     |  in |   10|   ap_none  | data_phi_25_V |    pointer   |
|data_phi_26_V     |  in |   10|   ap_none  | data_phi_26_V |    pointer   |
|data_phi_27_V     |  in |   10|   ap_none  | data_phi_27_V |    pointer   |
|data_phi_28_V     |  in |   10|   ap_none  | data_phi_28_V |    pointer   |
|data_phi_29_V     |  in |   10|   ap_none  | data_phi_29_V |    pointer   |
|data_phi_30_V     |  in |   10|   ap_none  | data_phi_30_V |    pointer   |
|data_phi_31_V     |  in |   10|   ap_none  | data_phi_31_V |    pointer   |
|data_phi_32_V     |  in |   10|   ap_none  | data_phi_32_V |    pointer   |
|data_phi_33_V     |  in |   10|   ap_none  | data_phi_33_V |    pointer   |
|data_phi_34_V     |  in |   10|   ap_none  | data_phi_34_V |    pointer   |
|data_phi_35_V     |  in |   10|   ap_none  | data_phi_35_V |    pointer   |
|data_phi_36_V     |  in |   10|   ap_none  | data_phi_36_V |    pointer   |
|data_phi_37_V     |  in |   10|   ap_none  | data_phi_37_V |    pointer   |
|data_phi_38_V     |  in |   10|   ap_none  | data_phi_38_V |    pointer   |
|data_phi_39_V     |  in |   10|   ap_none  | data_phi_39_V |    pointer   |
|data_phi_40_V     |  in |   10|   ap_none  | data_phi_40_V |    pointer   |
|data_phi_41_V     |  in |   10|   ap_none  | data_phi_41_V |    pointer   |
|data_phi_42_V     |  in |   10|   ap_none  | data_phi_42_V |    pointer   |
|data_phi_43_V     |  in |   10|   ap_none  | data_phi_43_V |    pointer   |
|data_phi_44_V     |  in |   10|   ap_none  | data_phi_44_V |    pointer   |
|data_phi_45_V     |  in |   10|   ap_none  | data_phi_45_V |    pointer   |
|data_phi_46_V     |  in |   10|   ap_none  | data_phi_46_V |    pointer   |
|data_phi_47_V     |  in |   10|   ap_none  | data_phi_47_V |    pointer   |
|data_phi_48_V     |  in |   10|   ap_none  | data_phi_48_V |    pointer   |
|data_phi_49_V     |  in |   10|   ap_none  | data_phi_49_V |    pointer   |
|data_phi_50_V     |  in |   10|   ap_none  | data_phi_50_V |    pointer   |
|data_phi_51_V     |  in |   10|   ap_none  | data_phi_51_V |    pointer   |
|data_phi_52_V     |  in |   10|   ap_none  | data_phi_52_V |    pointer   |
|data_phi_53_V     |  in |   10|   ap_none  | data_phi_53_V |    pointer   |
|data_phi_54_V     |  in |   10|   ap_none  | data_phi_54_V |    pointer   |
|data_phi_55_V     |  in |   10|   ap_none  | data_phi_55_V |    pointer   |
|data_phi_56_V     |  in |   10|   ap_none  | data_phi_56_V |    pointer   |
|data_phi_57_V     |  in |   10|   ap_none  | data_phi_57_V |    pointer   |
|data_phi_58_V     |  in |   10|   ap_none  | data_phi_58_V |    pointer   |
|data_phi_59_V     |  in |   10|   ap_none  | data_phi_59_V |    pointer   |
|data_phi_60_V     |  in |   10|   ap_none  | data_phi_60_V |    pointer   |
|data_phi_61_V     |  in |   10|   ap_none  | data_phi_61_V |    pointer   |
|data_phi_62_V     |  in |   10|   ap_none  | data_phi_62_V |    pointer   |
|data_phi_63_V     |  in |   10|   ap_none  | data_phi_63_V |    pointer   |
|data_phi_64_V     |  in |   10|   ap_none  | data_phi_64_V |    pointer   |
|data_phi_65_V     |  in |   10|   ap_none  | data_phi_65_V |    pointer   |
|data_phi_66_V     |  in |   10|   ap_none  | data_phi_66_V |    pointer   |
|data_phi_67_V     |  in |   10|   ap_none  | data_phi_67_V |    pointer   |
|data_phi_68_V     |  in |   10|   ap_none  | data_phi_68_V |    pointer   |
|data_phi_69_V     |  in |   10|   ap_none  | data_phi_69_V |    pointer   |
|data_phi_70_V     |  in |   10|   ap_none  | data_phi_70_V |    pointer   |
|data_phi_71_V     |  in |   10|   ap_none  | data_phi_71_V |    pointer   |
|data_phi_72_V     |  in |   10|   ap_none  | data_phi_72_V |    pointer   |
|data_phi_73_V     |  in |   10|   ap_none  | data_phi_73_V |    pointer   |
|data_phi_74_V     |  in |   10|   ap_none  | data_phi_74_V |    pointer   |
|data_phi_75_V     |  in |   10|   ap_none  | data_phi_75_V |    pointer   |
|data_phi_76_V     |  in |   10|   ap_none  | data_phi_76_V |    pointer   |
|data_phi_77_V     |  in |   10|   ap_none  | data_phi_77_V |    pointer   |
|data_phi_78_V     |  in |   10|   ap_none  | data_phi_78_V |    pointer   |
|data_phi_79_V     |  in |   10|   ap_none  | data_phi_79_V |    pointer   |
|data_phi_80_V     |  in |   10|   ap_none  | data_phi_80_V |    pointer   |
|data_phi_81_V     |  in |   10|   ap_none  | data_phi_81_V |    pointer   |
|data_phi_82_V     |  in |   10|   ap_none  | data_phi_82_V |    pointer   |
|data_phi_83_V     |  in |   10|   ap_none  | data_phi_83_V |    pointer   |
|data_phi_84_V     |  in |   10|   ap_none  | data_phi_84_V |    pointer   |
|data_phi_85_V     |  in |   10|   ap_none  | data_phi_85_V |    pointer   |
|data_phi_86_V     |  in |   10|   ap_none  | data_phi_86_V |    pointer   |
|data_phi_87_V     |  in |   10|   ap_none  | data_phi_87_V |    pointer   |
|data_phi_88_V     |  in |   10|   ap_none  | data_phi_88_V |    pointer   |
|data_phi_89_V     |  in |   10|   ap_none  | data_phi_89_V |    pointer   |
|data_phi_90_V     |  in |   10|   ap_none  | data_phi_90_V |    pointer   |
|data_phi_91_V     |  in |   10|   ap_none  | data_phi_91_V |    pointer   |
|data_phi_92_V     |  in |   10|   ap_none  | data_phi_92_V |    pointer   |
|data_phi_93_V     |  in |   10|   ap_none  | data_phi_93_V |    pointer   |
|data_phi_94_V     |  in |   10|   ap_none  | data_phi_94_V |    pointer   |
|data_phi_95_V     |  in |   10|   ap_none  | data_phi_95_V |    pointer   |
|data_phi_96_V     |  in |   10|   ap_none  | data_phi_96_V |    pointer   |
|data_phi_97_V     |  in |   10|   ap_none  | data_phi_97_V |    pointer   |
|data_phi_98_V     |  in |   10|   ap_none  | data_phi_98_V |    pointer   |
|data_phi_99_V     |  in |   10|   ap_none  | data_phi_99_V |    pointer   |
|res_pt2_V         | out |   32|   ap_vld   |   res_pt2_V   |    pointer   |
|res_pt2_V_ap_vld  | out |    1|   ap_vld   |   res_pt2_V   |    pointer   |
|res_phi_V         | out |   10|   ap_vld   |   res_phi_V   |    pointer   |
|res_phi_V_ap_vld  | out |    1|   ap_vld   |   res_phi_V   |    pointer   |
+------------------+-----+-----+------------+---------------+--------------+

